[93mWARNING [0m:   DEPRECATED FEATURE: flwr.server.start_server() is deprecated.
	Instead, use the `flower-superlink` CLI command to start a SuperLink as shown below:

		$ flower-superlink --insecure

	To view usage and all available options, run:

		$ flower-superlink --help

	Using `start_server()` is deprecated.

            This is a deprecated feature. It will be removed
            entirely in future versions of Flower.
        
[92mINFO [0m:      Starting Flower server, config: num_rounds=25, no round_timeout
[92mINFO [0m:      Flower ECE: gRPC server running (25 rounds), SSL is disabled
[92mINFO [0m:      [INIT]
[92mINFO [0m:      Using initial global parameters provided by strategy
[92mINFO [0m:      Starting evaluation of initial global parameters
[92mINFO [0m:      Evaluation returned no results (`None`)
[92mINFO [0m:      
[92mINFO [0m:      [ROUND 1]
[92mINFO [0m:      configure_fit: strategy sampled 2 clients (out of 2)
[92mINFO [0m:      aggregate_fit: received 2 results and 0 failures
[92mINFO [0m:      configure_evaluate: strategy sampled 2 clients (out of 2)
[92mINFO [0m:      aggregate_evaluate: received 2 results and 0 failures
[92mINFO [0m:      
[92mINFO [0m:      [ROUND 2]
[92mINFO [0m:      configure_fit: strategy sampled 2 clients (out of 2)
[92mINFO [0m:      aggregate_fit: received 2 results and 0 failures
[92mINFO [0m:      configure_evaluate: strategy sampled 2 clients (out of 2)
[92mINFO [0m:      aggregate_evaluate: received 2 results and 0 failures
[92mINFO [0m:      
[92mINFO [0m:      [ROUND 3]
[92mINFO [0m:      configure_fit: strategy sampled 2 clients (out of 2)
[92mINFO [0m:      aggregate_fit: received 2 results and 0 failures
[92mINFO [0m:      configure_evaluate: strategy sampled 2 clients (out of 2)
[92mINFO [0m:      aggregate_evaluate: received 2 results and 0 failures
[92mINFO [0m:      
[92mINFO [0m:      [ROUND 4]
[92mINFO [0m:      configure_fit: strategy sampled 2 clients (out of 2)
[92mINFO [0m:      aggregate_fit: received 2 results and 0 failures
[92mINFO [0m:      configure_evaluate: strategy sampled 2 clients (out of 2)
[92mINFO [0m:      aggregate_evaluate: received 2 results and 0 failures
[92mINFO [0m:      
[92mINFO [0m:      [ROUND 5]
[92mINFO [0m:      configure_fit: strategy sampled 2 clients (out of 2)
[92mINFO [0m:      aggregate_fit: received 2 results and 0 failures
[92mINFO [0m:      configure_evaluate: strategy sampled 2 clients (out of 2)
[92mINFO [0m:      aggregate_evaluate: received 2 results and 0 failures
[92mINFO [0m:      
[92mINFO [0m:      [ROUND 6]
[92mINFO [0m:      configure_fit: strategy sampled 2 clients (out of 2)
[92mINFO [0m:      aggregate_fit: received 2 results and 0 failures
[92mINFO [0m:      configure_evaluate: strategy sampled 2 clients (out of 2)
[92mINFO [0m:      aggregate_evaluate: received 2 results and 0 failures
[92mINFO [0m:      
[92mINFO [0m:      [ROUND 7]
[92mINFO [0m:      configure_fit: strategy sampled 2 clients (out of 2)
[92mINFO [0m:      aggregate_fit: received 2 results and 0 failures
[92mINFO [0m:      configure_evaluate: strategy sampled 2 clients (out of 2)
[92mINFO [0m:      aggregate_evaluate: received 2 results and 0 failures
[92mINFO [0m:      
[92mINFO [0m:      [ROUND 8]
[92mINFO [0m:      configure_fit: strategy sampled 2 clients (out of 2)
[92mINFO [0m:      aggregate_fit: received 2 results and 0 failures
[92mINFO [0m:      configure_evaluate: strategy sampled 2 clients (out of 2)
[92mINFO [0m:      aggregate_evaluate: received 2 results and 0 failures
[92mINFO [0m:      
[92mINFO [0m:      [ROUND 9]
[92mINFO [0m:      configure_fit: strategy sampled 2 clients (out of 2)
[92mINFO [0m:      aggregate_fit: received 2 results and 0 failures
[92mINFO [0m:      configure_evaluate: strategy sampled 2 clients (out of 2)
[92mINFO [0m:      aggregate_evaluate: received 2 results and 0 failures
[92mINFO [0m:      
[92mINFO [0m:      [ROUND 10]
[92mINFO [0m:      configure_fit: strategy sampled 2 clients (out of 2)
[92mINFO [0m:      aggregate_fit: received 2 results and 0 failures
[92mINFO [0m:      configure_evaluate: strategy sampled 2 clients (out of 2)
[92mINFO [0m:      aggregate_evaluate: received 2 results and 0 failures
[92mINFO [0m:      
[92mINFO [0m:      [ROUND 11]
[92mINFO [0m:      configure_fit: strategy sampled 2 clients (out of 2)
[92mINFO [0m:      aggregate_fit: received 2 results and 0 failures
[92mINFO [0m:      configure_evaluate: strategy sampled 2 clients (out of 2)
[92mINFO [0m:      aggregate_evaluate: received 2 results and 0 failures
[92mINFO [0m:      
[92mINFO [0m:      [ROUND 12]
[92mINFO [0m:      configure_fit: strategy sampled 2 clients (out of 2)
[92mINFO [0m:      aggregate_fit: received 2 results and 0 failures
[92mINFO [0m:      configure_evaluate: strategy sampled 2 clients (out of 2)
[92mINFO [0m:      aggregate_evaluate: received 2 results and 0 failures
[92mINFO [0m:      
[92mINFO [0m:      [ROUND 13]
[92mINFO [0m:      configure_fit: strategy sampled 2 clients (out of 2)
[92mINFO [0m:      aggregate_fit: received 2 results and 0 failures
[92mINFO [0m:      configure_evaluate: strategy sampled 2 clients (out of 2)
[92mINFO [0m:      aggregate_evaluate: received 2 results and 0 failures
[92mINFO [0m:      
[92mINFO [0m:      [ROUND 14]
[92mINFO [0m:      configure_fit: strategy sampled 2 clients (out of 2)
[92mINFO [0m:      aggregate_fit: received 2 results and 0 failures
[92mINFO [0m:      configure_evaluate: strategy sampled 2 clients (out of 2)
[92mINFO [0m:      aggregate_evaluate: received 2 results and 0 failures
[92mINFO [0m:      
[92mINFO [0m:      [ROUND 15]
[92mINFO [0m:      configure_fit: strategy sampled 2 clients (out of 2)
[92mINFO [0m:      aggregate_fit: received 2 results and 0 failures
[92mINFO [0m:      configure_evaluate: strategy sampled 2 clients (out of 2)
[92mINFO [0m:      aggregate_evaluate: received 2 results and 0 failures
[92mINFO [0m:      
[92mINFO [0m:      [ROUND 16]
[92mINFO [0m:      configure_fit: strategy sampled 2 clients (out of 2)
[92mINFO [0m:      aggregate_fit: received 2 results and 0 failures
[92mINFO [0m:      configure_evaluate: strategy sampled 2 clients (out of 2)
[92mINFO [0m:      aggregate_evaluate: received 2 results and 0 failures
[92mINFO [0m:      
[92mINFO [0m:      [ROUND 17]
[92mINFO [0m:      configure_fit: strategy sampled 2 clients (out of 2)
[92mINFO [0m:      aggregate_fit: received 2 results and 0 failures
[92mINFO [0m:      configure_evaluate: strategy sampled 2 clients (out of 2)
[92mINFO [0m:      aggregate_evaluate: received 2 results and 0 failures
[92mINFO [0m:      
[92mINFO [0m:      [ROUND 18]
[92mINFO [0m:      configure_fit: strategy sampled 2 clients (out of 2)
[92mINFO [0m:      aggregate_fit: received 2 results and 0 failures
[92mINFO [0m:      configure_evaluate: strategy sampled 2 clients (out of 2)
[92mINFO [0m:      aggregate_evaluate: received 2 results and 0 failures
[92mINFO [0m:      
[92mINFO [0m:      [ROUND 19]
[92mINFO [0m:      configure_fit: strategy sampled 2 clients (out of 2)
[92mINFO [0m:      aggregate_fit: received 2 results and 0 failures
[92mINFO [0m:      configure_evaluate: strategy sampled 2 clients (out of 2)
[92mINFO [0m:      aggregate_evaluate: received 2 results and 0 failures
[92mINFO [0m:      
[92mINFO [0m:      [ROUND 20]
[92mINFO [0m:      configure_fit: strategy sampled 2 clients (out of 2)
[92mINFO [0m:      aggregate_fit: received 2 results and 0 failures
[92mINFO [0m:      configure_evaluate: strategy sampled 2 clients (out of 2)
[92mINFO [0m:      aggregate_evaluate: received 2 results and 0 failures
[92mINFO [0m:      
[92mINFO [0m:      [ROUND 21]
[92mINFO [0m:      configure_fit: strategy sampled 2 clients (out of 2)
[92mINFO [0m:      aggregate_fit: received 2 results and 0 failures
[92mINFO [0m:      configure_evaluate: strategy sampled 2 clients (out of 2)
[92mINFO [0m:      aggregate_evaluate: received 2 results and 0 failures
[92mINFO [0m:      
[92mINFO [0m:      [ROUND 22]
[92mINFO [0m:      configure_fit: strategy sampled 2 clients (out of 2)
[92mINFO [0m:      aggregate_fit: received 2 results and 0 failures
[92mINFO [0m:      configure_evaluate: strategy sampled 2 clients (out of 2)
[92mINFO [0m:      aggregate_evaluate: received 2 results and 0 failures
[92mINFO [0m:      
[92mINFO [0m:      [ROUND 23]
[92mINFO [0m:      configure_fit: strategy sampled 2 clients (out of 2)
[92mINFO [0m:      aggregate_fit: received 2 results and 0 failures
[92mINFO [0m:      configure_evaluate: strategy sampled 2 clients (out of 2)
[92mINFO [0m:      aggregate_evaluate: received 2 results and 0 failures
[92mINFO [0m:      
[92mINFO [0m:      [ROUND 24]
[92mINFO [0m:      configure_fit: strategy sampled 2 clients (out of 2)
[92mINFO [0m:      aggregate_fit: received 2 results and 0 failures
[92mINFO [0m:      configure_evaluate: strategy sampled 2 clients (out of 2)
[92mINFO [0m:      aggregate_evaluate: received 2 results and 0 failures
[92mINFO [0m:      
[92mINFO [0m:      [ROUND 25]
[92mINFO [0m:      configure_fit: strategy sampled 2 clients (out of 2)
[92mINFO [0m:      aggregate_fit: received 2 results and 0 failures
[92mINFO [0m:      configure_evaluate: strategy sampled 2 clients (out of 2)
[92mINFO [0m:      aggregate_evaluate: received 2 results and 0 failures
[92mINFO [0m:      
[92mINFO [0m:      [SUMMARY]
[92mINFO [0m:      Run finished 25 round(s) in 4629.12s
[92mINFO [0m:      	History (loss, distributed):
[92mINFO [0m:      		round 1: 0.6465855240821838
[92mINFO [0m:      		round 2: 0.46854591369628906
[92mINFO [0m:      		round 3: 0.30672118067741394
[92mINFO [0m:      		round 4: 0.17746081203222275
[92mINFO [0m:      		round 5: 0.0920829139649868
[92mINFO [0m:      		round 6: 0.057093121111392975
[92mINFO [0m:      		round 7: 0.03511910326778889
[92mINFO [0m:      		round 8: 0.028031937777996063
[92mINFO [0m:      		round 9: 0.02065100008621812
[92mINFO [0m:      		round 10: 0.027269267477095127
[92mINFO [0m:      		round 11: 0.016124514630064368
[92mINFO [0m:      		round 12: 0.03806603269185871
[92mINFO [0m:      		round 13: 0.02847267873585224
[92mINFO [0m:      		round 14: 0.025838672241661698
[92mINFO [0m:      		round 15: 0.026038651005364954
[92mINFO [0m:      		round 16: 0.030947318766266108
[92mINFO [0m:      		round 17: 0.02623321022838354
[92mINFO [0m:      		round 18: 0.022267817985266447
[92mINFO [0m:      		round 19: 0.03298243985045701
[92mINFO [0m:      		round 20: 0.020788477268069983
[92mINFO [0m:      		round 21: 0.02590636332752183
[92mINFO [0m:      		round 22: 0.03030509315431118
[92mINFO [0m:      		round 23: 0.0320930281013716
[92mINFO [0m:      		round 24: 0.036741575226187706
[92mINFO [0m:      		round 25: 0.03518561879172921
[92mINFO [0m:      	History (metrics, distributed, fit):
[92mINFO [0m:      	{'align_enabled': [(1, 0.0),
[92mINFO [0m:      	                   (2, 0.0),
[92mINFO [0m:      	                   (3, 0.0),
[92mINFO [0m:      	                   (4, 0.0),
[92mINFO [0m:      	                   (5, 0.0),
[92mINFO [0m:      	                   (6, 0.0),
[92mINFO [0m:      	                   (7, 0.0),
[92mINFO [0m:      	                   (8, 0.0),
[92mINFO [0m:      	                   (9, 0.0),
[92mINFO [0m:      	                   (10, 0.0),
[92mINFO [0m:      	                   (11, 0.0),
[92mINFO [0m:      	                   (12, 0.0),
[92mINFO [0m:      	                   (13, 0.0),
[92mINFO [0m:      	                   (14, 0.0),
[92mINFO [0m:      	                   (15, 0.0),
[92mINFO [0m:      	                   (16, 0.0),
[92mINFO [0m:      	                   (17, 0.0),
[92mINFO [0m:      	                   (18, 0.0),
[92mINFO [0m:      	                   (19, 0.0),
[92mINFO [0m:      	                   (20, 0.0),
[92mINFO [0m:      	                   (21, 0.0),
[92mINFO [0m:      	                   (22, 0.0),
[92mINFO [0m:      	                   (23, 0.0),
[92mINFO [0m:      	                   (24, 0.0),
[92mINFO [0m:      	                   (25, 0.0)],
[92mINFO [0m:      	 'feature_mean': [(1, -0.00022573198657482862),
[92mINFO [0m:      	                  (2, -0.0014418516657315195),
[92mINFO [0m:      	                  (3, -0.002225426840595901),
[92mINFO [0m:      	                  (4, -0.00260719854850322),
[92mINFO [0m:      	                  (5, -0.002900967956520617),
[92mINFO [0m:      	                  (6, -0.003284359583631158),
[92mINFO [0m:      	                  (7, -0.003134859725832939),
[92mINFO [0m:      	                  (8, -0.004225418029818684),
[92mINFO [0m:      	                  (9, -0.004585994407534599),
[92mINFO [0m:      	                  (10, -0.004574248334392905),
[92mINFO [0m:      	                  (11, -0.005558378528803587),
[92mINFO [0m:      	                  (12, -0.006294577848166227),
[92mINFO [0m:      	                  (13, -0.007390035316348076),
[92mINFO [0m:      	                  (14, -0.007311755092814565),
[92mINFO [0m:      	                  (15, -0.007471149554476142),
[92mINFO [0m:      	                  (16, -0.009190739132463932),
[92mINFO [0m:      	                  (17, -0.012182139325886965),
[92mINFO [0m:      	                  (18, -0.011510900687426329),
[92mINFO [0m:      	                  (19, -0.010084721026942134),
[92mINFO [0m:      	                  (20, -0.01175012905150652),
[92mINFO [0m:      	                  (21, -0.0123045789077878),
[92mINFO [0m:      	                  (22, -0.010992970783263445),
[92mINFO [0m:      	                  (23, -0.012472846545279026),
[92mINFO [0m:      	                  (24, -0.012693820521235466),
[92mINFO [0m:      	                  (25, -0.013526535592973232)],
[92mINFO [0m:      	 'feature_norm': [(1, 0.4622892737388611),
[92mINFO [0m:      	                  (2, 0.2736242562532425),
[92mINFO [0m:      	                  (3, 0.22629523277282715),
[92mINFO [0m:      	                  (4, 0.19736427813768387),
[92mINFO [0m:      	                  (5, 0.16596846282482147),
[92mINFO [0m:      	                  (6, 0.18588122725486755),
[92mINFO [0m:      	                  (7, 0.1913432478904724),
[92mINFO [0m:      	                  (8, 0.18828758597373962),
[92mINFO [0m:      	                  (9, 0.22837403416633606),
[92mINFO [0m:      	                  (10, 0.20971086621284485),
[92mINFO [0m:      	                  (11, 0.2564694955945015),
[92mINFO [0m:      	                  (12, 0.27471252530813217),
[92mINFO [0m:      	                  (13, 0.28422704339027405),
[92mINFO [0m:      	                  (14, 0.2842998802661896),
[92mINFO [0m:      	                  (15, 0.29278714209795),
[92mINFO [0m:      	                  (16, 0.32053689658641815),
[92mINFO [0m:      	                  (17, 0.38610582053661346),
[92mINFO [0m:      	                  (18, 0.3560084402561188),
[92mINFO [0m:      	                  (19, 0.3404403328895569),
[92mINFO [0m:      	                  (20, 0.37988002598285675),
[92mINFO [0m:      	                  (21, 0.3894638419151306),
[92mINFO [0m:      	                  (22, 0.3617718368768692),
[92mINFO [0m:      	                  (23, 0.3978970944881439),
[92mINFO [0m:      	                  (24, 0.3895642012357712),
[92mINFO [0m:      	                  (25, 0.4279213845729828)],
[92mINFO [0m:      	 'feature_std': [(1, 0.057785091921687126),
[92mINFO [0m:      	                 (2, 0.03416995145380497),
[92mINFO [0m:      	                 (3, 0.02819840982556343),
[92mINFO [0m:      	                 (4, 0.02453235536813736),
[92mINFO [0m:      	                 (5, 0.020540250465273857),
[92mINFO [0m:      	                 (6, 0.022992948070168495),
[92mINFO [0m:      	                 (7, 0.02370938379317522),
[92mINFO [0m:      	                 (8, 0.02314165700227022),
[92mINFO [0m:      	                 (9, 0.028175764717161655),
[92mINFO [0m:      	                 (10, 0.025806715711951256),
[92mINFO [0m:      	                 (11, 0.03157269861549139),
[92mINFO [0m:      	                 (12, 0.0337400883436203),
[92mINFO [0m:      	                 (13, 0.034750537015497684),
[92mINFO [0m:      	                 (14, 0.034776369109749794),
[92mINFO [0m:      	                 (15, 0.03579175192862749),
[92mINFO [0m:      	                 (16, 0.03899116721004248),
[92mINFO [0m:      	                 (17, 0.04670044034719467),
[92mINFO [0m:      	                 (18, 0.042985472828149796),
[92mINFO [0m:      	                 (19, 0.041323233395814896),
[92mINFO [0m:      	                 (20, 0.04599608853459358),
[92mINFO [0m:      	                 (21, 0.04709990881383419),
[92mINFO [0m:      	                 (22, 0.04385852999985218),
[92mINFO [0m:      	                 (23, 0.04814750701189041),
[92mINFO [0m:      	                 (24, 0.04700903594493866),
[92mINFO [0m:      	                 (25, 0.05174999684095383)],
[92mINFO [0m:      	 'fedprox_mu': [(1, 0.0),
[92mINFO [0m:      	                (2, 0.0),
[92mINFO [0m:      	                (3, 0.0),
[92mINFO [0m:      	                (4, 0.0),
[92mINFO [0m:      	                (5, 0.0),
[92mINFO [0m:      	                (6, 0.0),
[92mINFO [0m:      	                (7, 0.0),
[92mINFO [0m:      	                (8, 0.0),
[92mINFO [0m:      	                (9, 0.0),
[92mINFO [0m:      	                (10, 0.0),
[92mINFO [0m:      	                (11, 0.0),
[92mINFO [0m:      	                (12, 0.0),
[92mINFO [0m:      	                (13, 0.0),
[92mINFO [0m:      	                (14, 0.0),
[92mINFO [0m:      	                (15, 0.0),
[92mINFO [0m:      	                (16, 0.0),
[92mINFO [0m:      	                (17, 0.0),
[92mINFO [0m:      	                (18, 0.0),
[92mINFO [0m:      	                (19, 0.0),
[92mINFO [0m:      	                (20, 0.0),
[92mINFO [0m:      	                (21, 0.0),
[92mINFO [0m:      	                (22, 0.0),
[92mINFO [0m:      	                (23, 0.0),
[92mINFO [0m:      	                (24, 0.0),
[92mINFO [0m:      	                (25, 0.0)],
[92mINFO [0m:      	 'fedprox_penalty_mean': [(1, 0.0),
[92mINFO [0m:      	                          (2, 0.0),
[92mINFO [0m:      	                          (3, 0.0),
[92mINFO [0m:      	                          (4, 0.0),
[92mINFO [0m:      	                          (5, 0.0),
[92mINFO [0m:      	                          (6, 0.0),
[92mINFO [0m:      	                          (7, 0.0),
[92mINFO [0m:      	                          (8, 0.0),
[92mINFO [0m:      	                          (9, 0.0),
[92mINFO [0m:      	                          (10, 0.0),
[92mINFO [0m:      	                          (11, 0.0),
[92mINFO [0m:      	                          (12, 0.0),
[92mINFO [0m:      	                          (13, 0.0),
[92mINFO [0m:      	                          (14, 0.0),
[92mINFO [0m:      	                          (15, 0.0),
[92mINFO [0m:      	                          (16, 0.0),
[92mINFO [0m:      	                          (17, 0.0),
[92mINFO [0m:      	                          (18, 0.0),
[92mINFO [0m:      	                          (19, 0.0),
[92mINFO [0m:      	                          (20, 0.0),
[92mINFO [0m:      	                          (21, 0.0),
[92mINFO [0m:      	                          (22, 0.0),
[92mINFO [0m:      	                          (23, 0.0),
[92mINFO [0m:      	                          (24, 0.0),
[92mINFO [0m:      	                          (25, 0.0)],
[92mINFO [0m:      	 'fit_seconds': [(1, 13.780220020504203),
[92mINFO [0m:      	                 (2, 13.12382517149672),
[92mINFO [0m:      	                 (3, 13.506507044425234),
[92mINFO [0m:      	                 (4, 12.871848597395001),
[92mINFO [0m:      	                 (5, 12.859228953981074),
[92mINFO [0m:      	                 (6, 13.091256720537785),
[92mINFO [0m:      	                 (7, 13.032694139925297),
[92mINFO [0m:      	                 (8, 13.174335839925334),
[92mINFO [0m:      	                 (9, 12.823852988047292),
[92mINFO [0m:      	                 (10, 12.87137120999978),
[92mINFO [0m:      	                 (11, 13.244248742441414),
[92mINFO [0m:      	                 (12, 13.292571384925395),
[92mINFO [0m:      	                 (13, 13.406907588534523),
[92mINFO [0m:      	                 (14, 13.414361847942928),
[92mINFO [0m:      	                 (15, 14.329115272470517),
[92mINFO [0m:      	                 (16, 13.701817018503789),
[92mINFO [0m:      	                 (17, 12.871027302986477),
[92mINFO [0m:      	                 (18, 13.676732472493313),
[92mINFO [0m:      	                 (19, 13.746942491008667),
[92mINFO [0m:      	                 (20, 13.36365358758485),
[92mINFO [0m:      	                 (21, 13.730180921440478),
[92mINFO [0m:      	                 (22, 13.576608097995631),
[92mINFO [0m:      	                 (23, 13.898672212060774),
[92mINFO [0m:      	                 (24, 14.243605169438524),
[92mINFO [0m:      	                 (25, 14.057083796040388)],
[92mINFO [0m:      	 'has_prev_model': [(1, 0.0),
[92mINFO [0m:      	                    (2, 0.0),
[92mINFO [0m:      	                    (3, 0.0),
[92mINFO [0m:      	                    (4, 0.0),
[92mINFO [0m:      	                    (5, 0.0),
[92mINFO [0m:      	                    (6, 0.0),
[92mINFO [0m:      	                    (7, 0.0),
[92mINFO [0m:      	                    (8, 0.0),
[92mINFO [0m:      	                    (9, 0.0),
[92mINFO [0m:      	                    (10, 0.0),
[92mINFO [0m:      	                    (11, 0.0),
[92mINFO [0m:      	                    (12, 0.0),
[92mINFO [0m:      	                    (13, 0.0),
[92mINFO [0m:      	                    (14, 0.0),
[92mINFO [0m:      	                    (15, 0.0),
[92mINFO [0m:      	                    (16, 0.0),
[92mINFO [0m:      	                    (17, 0.0),
[92mINFO [0m:      	                    (18, 0.0),
[92mINFO [0m:      	                    (19, 0.0),
[92mINFO [0m:      	                    (20, 0.0),
[92mINFO [0m:      	                    (21, 0.0),
[92mINFO [0m:      	                    (22, 0.0),
[92mINFO [0m:      	                    (23, 0.0),
[92mINFO [0m:      	                    (24, 0.0),
[92mINFO [0m:      	                    (25, 0.0)],
[92mINFO [0m:      	 'local_epochs': [(1, 1.0),
[92mINFO [0m:      	                  (2, 1.0),
[92mINFO [0m:      	                  (3, 1.0),
[92mINFO [0m:      	                  (4, 1.0),
[92mINFO [0m:      	                  (5, 1.0),
[92mINFO [0m:      	                  (6, 1.0),
[92mINFO [0m:      	                  (7, 1.0),
[92mINFO [0m:      	                  (8, 1.0),
[92mINFO [0m:      	                  (9, 1.0),
[92mINFO [0m:      	                  (10, 1.0),
[92mINFO [0m:      	                  (11, 1.0),
[92mINFO [0m:      	                  (12, 1.0),
[92mINFO [0m:      	                  (13, 1.0),
[92mINFO [0m:      	                  (14, 1.0),
[92mINFO [0m:      	                  (15, 1.0),
[92mINFO [0m:      	                  (16, 1.0),
[92mINFO [0m:      	                  (17, 1.0),
[92mINFO [0m:      	                  (18, 1.0),
[92mINFO [0m:      	                  (19, 1.0),
[92mINFO [0m:      	                  (20, 1.0),
[92mINFO [0m:      	                  (21, 1.0),
[92mINFO [0m:      	                  (22, 1.0),
[92mINFO [0m:      	                  (23, 1.0),
[92mINFO [0m:      	                  (24, 1.0),
[92mINFO [0m:      	                  (25, 1.0)],
[92mINFO [0m:      	 'num_examples': [(1, 2360.0),
[92mINFO [0m:      	                  (2, 2360.0),
[92mINFO [0m:      	                  (3, 2360.0),
[92mINFO [0m:      	                  (4, 2360.0),
[92mINFO [0m:      	                  (5, 2360.0),
[92mINFO [0m:      	                  (6, 2360.0),
[92mINFO [0m:      	                  (7, 2360.0),
[92mINFO [0m:      	                  (8, 2360.0),
[92mINFO [0m:      	                  (9, 2360.0),
[92mINFO [0m:      	                  (10, 2360.0),
[92mINFO [0m:      	                  (11, 2360.0),
[92mINFO [0m:      	                  (12, 2360.0),
[92mINFO [0m:      	                  (13, 2360.0),
[92mINFO [0m:      	                  (14, 2360.0),
[92mINFO [0m:      	                  (15, 2360.0),
[92mINFO [0m:      	                  (16, 2360.0),
[92mINFO [0m:      	                  (17, 2360.0),
[92mINFO [0m:      	                  (18, 2360.0),
[92mINFO [0m:      	                  (19, 2360.0),
[92mINFO [0m:      	                  (20, 2360.0),
[92mINFO [0m:      	                  (21, 2360.0),
[92mINFO [0m:      	                  (22, 2360.0),
[92mINFO [0m:      	                  (23, 2360.0),
[92mINFO [0m:      	                  (24, 2360.0),
[92mINFO [0m:      	                  (25, 2360.0)],
[92mINFO [0m:      	 'proto_decoupling_enabled': [(1, 0.0),
[92mINFO [0m:      	                              (2, 0.0),
[92mINFO [0m:      	                              (3, 0.0),
[92mINFO [0m:      	                              (4, 0.0),
[92mINFO [0m:      	                              (5, 0.0),
[92mINFO [0m:      	                              (6, 0.0),
[92mINFO [0m:      	                              (7, 0.0),
[92mINFO [0m:      	                              (8, 0.0),
[92mINFO [0m:      	                              (9, 0.0),
[92mINFO [0m:      	                              (10, 0.0),
[92mINFO [0m:      	                              (11, 0.0),
[92mINFO [0m:      	                              (12, 0.0),
[92mINFO [0m:      	                              (13, 0.0),
[92mINFO [0m:      	                              (14, 0.0),
[92mINFO [0m:      	                              (15, 0.0),
[92mINFO [0m:      	                              (16, 0.0),
[92mINFO [0m:      	                              (17, 0.0),
[92mINFO [0m:      	                              (18, 0.0),
[92mINFO [0m:      	                              (19, 0.0),
[92mINFO [0m:      	                              (20, 0.0),
[92mINFO [0m:      	                              (21, 0.0),
[92mINFO [0m:      	                              (22, 0.0),
[92mINFO [0m:      	                              (23, 0.0),
[92mINFO [0m:      	                              (24, 0.0),
[92mINFO [0m:      	                              (25, 0.0)],
[92mINFO [0m:      	 'proto_examples': [(1, 2360.0),
[92mINFO [0m:      	                    (2, 2360.0),
[92mINFO [0m:      	                    (3, 2360.0),
[92mINFO [0m:      	                    (4, 2360.0),
[92mINFO [0m:      	                    (5, 2360.0),
[92mINFO [0m:      	                    (6, 2360.0),
[92mINFO [0m:      	                    (7, 2360.0),
[92mINFO [0m:      	                    (8, 2360.0),
[92mINFO [0m:      	                    (9, 2360.0),
[92mINFO [0m:      	                    (10, 2360.0),
[92mINFO [0m:      	                    (11, 2360.0),
[92mINFO [0m:      	                    (12, 2360.0),
[92mINFO [0m:      	                    (13, 2360.0),
[92mINFO [0m:      	                    (14, 2360.0),
[92mINFO [0m:      	                    (15, 2360.0),
[92mINFO [0m:      	                    (16, 2360.0),
[92mINFO [0m:      	                    (17, 2360.0),
[92mINFO [0m:      	                    (18, 2360.0),
[92mINFO [0m:      	                    (19, 2360.0),
[92mINFO [0m:      	                    (20, 2360.0),
[92mINFO [0m:      	                    (21, 2360.0),
[92mINFO [0m:      	                    (22, 2360.0),
[92mINFO [0m:      	                    (23, 2360.0),
[92mINFO [0m:      	                    (24, 2360.0),
[92mINFO [0m:      	                    (25, 2360.0)],
[92mINFO [0m:      	 'proto_stats_uploaded': [(1, 1.0),
[92mINFO [0m:      	                          (2, 1.0),
[92mINFO [0m:      	                          (3, 1.0),
[92mINFO [0m:      	                          (4, 1.0),
[92mINFO [0m:      	                          (5, 1.0),
[92mINFO [0m:      	                          (6, 1.0),
[92mINFO [0m:      	                          (7, 1.0),
[92mINFO [0m:      	                          (8, 1.0),
[92mINFO [0m:      	                          (9, 1.0),
[92mINFO [0m:      	                          (10, 1.0),
[92mINFO [0m:      	                          (11, 1.0),
[92mINFO [0m:      	                          (12, 1.0),
[92mINFO [0m:      	                          (13, 1.0),
[92mINFO [0m:      	                          (14, 1.0),
[92mINFO [0m:      	                          (15, 1.0),
[92mINFO [0m:      	                          (16, 1.0),
[92mINFO [0m:      	                          (17, 1.0),
[92mINFO [0m:      	                          (18, 1.0),
[92mINFO [0m:      	                          (19, 1.0),
[92mINFO [0m:      	                          (20, 1.0),
[92mINFO [0m:      	                          (21, 1.0),
[92mINFO [0m:      	                          (22, 1.0),
[92mINFO [0m:      	                          (23, 1.0),
[92mINFO [0m:      	                          (24, 1.0),
[92mINFO [0m:      	                          (25, 1.0)],
[92mINFO [0m:      	 'prototype_count': [(1, 8.0),
[92mINFO [0m:      	                     (2, 8.0),
[92mINFO [0m:      	                     (3, 8.0),
[92mINFO [0m:      	                     (4, 8.0),
[92mINFO [0m:      	                     (5, 8.0),
[92mINFO [0m:      	                     (6, 8.0),
[92mINFO [0m:      	                     (7, 8.0),
[92mINFO [0m:      	                     (8, 8.0),
[92mINFO [0m:      	                     (9, 8.0),
[92mINFO [0m:      	                     (10, 8.0),
[92mINFO [0m:      	                     (11, 8.0),
[92mINFO [0m:      	                     (12, 8.0),
[92mINFO [0m:      	                     (13, 8.0),
[92mINFO [0m:      	                     (14, 8.0),
[92mINFO [0m:      	                     (15, 8.0),
[92mINFO [0m:      	                     (16, 8.0),
[92mINFO [0m:      	                     (17, 8.0),
[92mINFO [0m:      	                     (18, 8.0),
[92mINFO [0m:      	                     (19, 8.0),
[92mINFO [0m:      	                     (20, 8.0),
[92mINFO [0m:      	                     (21, 8.0),
[92mINFO [0m:      	                     (22, 8.0),
[92mINFO [0m:      	                     (23, 8.0),
[92mINFO [0m:      	                     (24, 8.0),
[92mINFO [0m:      	                     (25, 8.0)],
[92mINFO [0m:      	 'prototype_var_count': [(1, 8.0),
[92mINFO [0m:      	                         (2, 8.0),
[92mINFO [0m:      	                         (3, 8.0),
[92mINFO [0m:      	                         (4, 8.0),
[92mINFO [0m:      	                         (5, 8.0),
[92mINFO [0m:      	                         (6, 8.0),
[92mINFO [0m:      	                         (7, 8.0),
[92mINFO [0m:      	                         (8, 8.0),
[92mINFO [0m:      	                         (9, 8.0),
[92mINFO [0m:      	                         (10, 8.0),
[92mINFO [0m:      	                         (11, 8.0),
[92mINFO [0m:      	                         (12, 8.0),
[92mINFO [0m:      	                         (13, 8.0),
[92mINFO [0m:      	                         (14, 8.0),
[92mINFO [0m:      	                         (15, 8.0),
[92mINFO [0m:      	                         (16, 8.0),
[92mINFO [0m:      	                         (17, 8.0),
[92mINFO [0m:      	                         (18, 8.0),
[92mINFO [0m:      	                         (19, 8.0),
[92mINFO [0m:      	                         (20, 8.0),
[92mINFO [0m:      	                         (21, 8.0),
[92mINFO [0m:      	                         (22, 8.0),
[92mINFO [0m:      	                         (23, 8.0),
[92mINFO [0m:      	                         (24, 8.0),
[92mINFO [0m:      	                         (25, 8.0)],
[92mINFO [0m:      	 'received_global_prototypes': [(1, 0.0),
[92mINFO [0m:      	                                (2, 16.0),
[92mINFO [0m:      	                                (3, 16.0),
[92mINFO [0m:      	                                (4, 16.0),
[92mINFO [0m:      	                                (5, 16.0),
[92mINFO [0m:      	                                (6, 16.0),
[92mINFO [0m:      	                                (7, 16.0),
[92mINFO [0m:      	                                (8, 16.0),
[92mINFO [0m:      	                                (9, 16.0),
[92mINFO [0m:      	                                (10, 16.0),
[92mINFO [0m:      	                                (11, 16.0),
[92mINFO [0m:      	                                (12, 16.0),
[92mINFO [0m:      	                                (13, 16.0),
[92mINFO [0m:      	                                (14, 16.0),
[92mINFO [0m:      	                                (15, 16.0),
[92mINFO [0m:      	                                (16, 16.0),
[92mINFO [0m:      	                                (17, 16.0),
[92mINFO [0m:      	                                (18, 16.0),
[92mINFO [0m:      	                                (19, 16.0),
[92mINFO [0m:      	                                (20, 16.0),
[92mINFO [0m:      	                                (21, 16.0),
[92mINFO [0m:      	                                (22, 16.0),
[92mINFO [0m:      	                                (23, 16.0),
[92mINFO [0m:      	                                (24, 16.0),
[92mINFO [0m:      	                                (25, 16.0)],
[92mINFO [0m:      	 'replay_distill_enabled': [(1, 0.0),
[92mINFO [0m:      	                            (2, 0.0),
[92mINFO [0m:      	                            (3, 0.0),
[92mINFO [0m:      	                            (4, 0.0),
[92mINFO [0m:      	                            (5, 0.0),
[92mINFO [0m:      	                            (6, 0.0),
[92mINFO [0m:      	                            (7, 0.0),
[92mINFO [0m:      	                            (8, 0.0),
[92mINFO [0m:      	                            (9, 0.0),
[92mINFO [0m:      	                            (10, 0.0),
[92mINFO [0m:      	                            (11, 0.0),
[92mINFO [0m:      	                            (12, 0.0),
[92mINFO [0m:      	                            (13, 0.0),
[92mINFO [0m:      	                            (14, 0.0),
[92mINFO [0m:      	                            (15, 0.0),
[92mINFO [0m:      	                            (16, 0.0),
[92mINFO [0m:      	                            (17, 0.0),
[92mINFO [0m:      	                            (18, 0.0),
[92mINFO [0m:      	                            (19, 0.0),
[92mINFO [0m:      	                            (20, 0.0),
[92mINFO [0m:      	                            (21, 0.0),
[92mINFO [0m:      	                            (22, 0.0),
[92mINFO [0m:      	                            (23, 0.0),
[92mINFO [0m:      	                            (24, 0.0),
[92mINFO [0m:      	                            (25, 0.0)],
[92mINFO [0m:      	 'seed': [(1, 42.0),
[92mINFO [0m:      	          (2, 42.0),
[92mINFO [0m:      	          (3, 42.0),
[92mINFO [0m:      	          (4, 42.0),
[92mINFO [0m:      	          (5, 42.0),
[92mINFO [0m:      	          (6, 42.0),
[92mINFO [0m:      	          (7, 42.0),
[92mINFO [0m:      	          (8, 42.0),
[92mINFO [0m:      	          (9, 42.0),
[92mINFO [0m:      	          (10, 42.0),
[92mINFO [0m:      	          (11, 42.0),
[92mINFO [0m:      	          (12, 42.0),
[92mINFO [0m:      	          (13, 42.0),
[92mINFO [0m:      	          (14, 42.0),
[92mINFO [0m:      	          (15, 42.0),
[92mINFO [0m:      	          (16, 42.0),
[92mINFO [0m:      	          (17, 42.0),
[92mINFO [0m:      	          (18, 42.0),
[92mINFO [0m:      	          (19, 42.0),
[92mINFO [0m:      	          (20, 42.0),
[92mINFO [0m:      	          (21, 42.0),
[92mINFO [0m:      	          (22, 42.0),
[92mINFO [0m:      	          (23, 42.0),
[92mINFO [0m:      	          (24, 42.0),
[92mINFO [0m:      	          (25, 42.0)],
[92mINFO [0m:      	 'train_accuracy': [(1, 0.7940677966101695),
[92mINFO [0m:      	                    (2, 0.9084745762711864),
[92mINFO [0m:      	                    (3, 0.9563559322033899),
[92mINFO [0m:      	                    (4, 0.9783898305084746),
[92mINFO [0m:      	                    (5, 0.9898305084745763),
[92mINFO [0m:      	                    (6, 0.988771186440678),
[92mINFO [0m:      	                    (7, 0.9908898305084746),
[92mINFO [0m:      	                    (8, 0.9915254237288136),
[92mINFO [0m:      	                    (9, 0.9898305084745763),
[92mINFO [0m:      	                    (10, 0.9940677966101695),
[92mINFO [0m:      	                    (11, 0.9902542372881356),
[92mINFO [0m:      	                    (12, 0.9908898305084746),
[92mINFO [0m:      	                    (13, 0.9949152542372881),
[92mINFO [0m:      	                    (14, 0.9951271186440678),
[92mINFO [0m:      	                    (15, 0.9915254237288136),
[92mINFO [0m:      	                    (16, 0.9936440677966102),
[92mINFO [0m:      	                    (17, 0.9891949152542373),
[92mINFO [0m:      	                    (18, 0.9925847457627118),
[92mINFO [0m:      	                    (19, 0.9940677966101695),
[92mINFO [0m:      	                    (20, 0.9919491525423729),
[92mINFO [0m:      	                    (21, 0.9927966101694915),
[92mINFO [0m:      	                    (22, 0.9959745762711865),
[92mINFO [0m:      	                    (23, 0.9942796610169492),
[92mINFO [0m:      	                    (24, 0.9947033898305084),
[92mINFO [0m:      	                    (25, 0.9932203389830508)],
[92mINFO [0m:      	 'train_ce_mean': [(1, 1.0074925915669586),
[92mINFO [0m:      	                   (2, 0.5735467967340502),
[92mINFO [0m:      	                   (3, 0.38104217789940914),
[92mINFO [0m:      	                   (4, 0.23194256500672486),
[92mINFO [0m:      	                   (5, 0.12667562208943448),
[92mINFO [0m:      	                   (6, 0.0864795525447797),
[92mINFO [0m:      	                   (7, 0.05820816743929507),
[92mINFO [0m:      	                   (8, 0.04876775504800223),
[92mINFO [0m:      	                   (9, 0.04111471603293035),
[92mINFO [0m:      	                   (10, 0.03184462369624841),
[92mINFO [0m:      	                   (11, 0.04338484173324906),
[92mINFO [0m:      	                   (12, 0.051095988768768516),
[92mINFO [0m:      	                   (13, 0.024445899763002488),
[92mINFO [0m:      	                   (14, 0.027927033913369148),
[92mINFO [0m:      	                   (15, 0.0435721767519727),
[92mINFO [0m:      	                   (16, 0.03264011779614582),
[92mINFO [0m:      	                   (17, 0.05802354177902058),
[92mINFO [0m:      	                   (18, 0.03606432423398088),
[92mINFO [0m:      	                   (19, 0.030463951506940017),
[92mINFO [0m:      	                   (20, 0.044173253300576074),
[92mINFO [0m:      	                   (21, 0.04086498414537222),
[92mINFO [0m:      	                   (22, 0.02223050428142029),
[92mINFO [0m:      	                   (23, 0.03515720846293242),
[92mINFO [0m:      	                   (24, 0.029770898470513018),
[92mINFO [0m:      	                   (25, 0.03393885069546464)],
[92mINFO [0m:      	 'train_metric_examples': [(1, 2360.0),
[92mINFO [0m:      	                           (2, 2360.0),
[92mINFO [0m:      	                           (3, 2360.0),
[92mINFO [0m:      	                           (4, 2360.0),
[92mINFO [0m:      	                           (5, 2360.0),
[92mINFO [0m:      	                           (6, 2360.0),
[92mINFO [0m:      	                           (7, 2360.0),
[92mINFO [0m:      	                           (8, 2360.0),
[92mINFO [0m:      	                           (9, 2360.0),
[92mINFO [0m:      	                           (10, 2360.0),
[92mINFO [0m:      	                           (11, 2360.0),
[92mINFO [0m:      	                           (12, 2360.0),
[92mINFO [0m:      	                           (13, 2360.0),
[92mINFO [0m:      	                           (14, 2360.0),
[92mINFO [0m:      	                           (15, 2360.0),
[92mINFO [0m:      	                           (16, 2360.0),
[92mINFO [0m:      	                           (17, 2360.0),
[92mINFO [0m:      	                           (18, 2360.0),
[92mINFO [0m:      	                           (19, 2360.0),
[92mINFO [0m:      	                           (20, 2360.0),
[92mINFO [0m:      	                           (21, 2360.0),
[92mINFO [0m:      	                           (22, 2360.0),
[92mINFO [0m:      	                           (23, 2360.0),
[92mINFO [0m:      	                           (24, 2360.0),
[92mINFO [0m:      	                           (25, 2360.0)],
[92mINFO [0m:      	 'train_samples': [(1, 2360.0),
[92mINFO [0m:      	                   (2, 2360.0),
[92mINFO [0m:      	                   (3, 2360.0),
[92mINFO [0m:      	                   (4, 2360.0),
[92mINFO [0m:      	                   (5, 2360.0),
[92mINFO [0m:      	                   (6, 2360.0),
[92mINFO [0m:      	                   (7, 2360.0),
[92mINFO [0m:      	                   (8, 2360.0),
[92mINFO [0m:      	                   (9, 2360.0),
[92mINFO [0m:      	                   (10, 2360.0),
[92mINFO [0m:      	                   (11, 2360.0),
[92mINFO [0m:      	                   (12, 2360.0),
[92mINFO [0m:      	                   (13, 2360.0),
[92mINFO [0m:      	                   (14, 2360.0),
[92mINFO [0m:      	                   (15, 2360.0),
[92mINFO [0m:      	                   (16, 2360.0),
[92mINFO [0m:      	                   (17, 2360.0),
[92mINFO [0m:      	                   (18, 2360.0),
[92mINFO [0m:      	                   (19, 2360.0),
[92mINFO [0m:      	                   (20, 2360.0),
[92mINFO [0m:      	                   (21, 2360.0),
[92mINFO [0m:      	                   (22, 2360.0),
[92mINFO [0m:      	                   (23, 2360.0),
[92mINFO [0m:      	                   (24, 2360.0),
[92mINFO [0m:      	                   (25, 2360.0)],
[92mINFO [0m:      	 'use_align': [(1, 0.0),
[92mINFO [0m:      	               (2, 0.0),
[92mINFO [0m:      	               (3, 0.0),
[92mINFO [0m:      	               (4, 0.0),
[92mINFO [0m:      	               (5, 0.0),
[92mINFO [0m:      	               (6, 0.0),
[92mINFO [0m:      	               (7, 0.0),
[92mINFO [0m:      	               (8, 0.0),
[92mINFO [0m:      	               (9, 0.0),
[92mINFO [0m:      	               (10, 0.0),
[92mINFO [0m:      	               (11, 0.0),
[92mINFO [0m:      	               (12, 0.0),
[92mINFO [0m:      	               (13, 0.0),
[92mINFO [0m:      	               (14, 0.0),
[92mINFO [0m:      	               (15, 0.0),
[92mINFO [0m:      	               (16, 0.0),
[92mINFO [0m:      	               (17, 0.0),
[92mINFO [0m:      	               (18, 0.0),
[92mINFO [0m:      	               (19, 0.0),
[92mINFO [0m:      	               (20, 0.0),
[92mINFO [0m:      	               (21, 0.0),
[92mINFO [0m:      	               (22, 0.0),
[92mINFO [0m:      	               (23, 0.0),
[92mINFO [0m:      	               (24, 0.0),
[92mINFO [0m:      	               (25, 0.0)],
[92mINFO [0m:      	 'use_proto_decoupling': [(1, 0.0),
[92mINFO [0m:      	                          (2, 0.0),
[92mINFO [0m:      	                          (3, 0.0),
[92mINFO [0m:      	                          (4, 0.0),
[92mINFO [0m:      	                          (5, 0.0),
[92mINFO [0m:      	                          (6, 0.0),
[92mINFO [0m:      	                          (7, 0.0),
[92mINFO [0m:      	                          (8, 0.0),
[92mINFO [0m:      	                          (9, 0.0),
[92mINFO [0m:      	                          (10, 0.0),
[92mINFO [0m:      	                          (11, 0.0),
[92mINFO [0m:      	                          (12, 0.0),
[92mINFO [0m:      	                          (13, 0.0),
[92mINFO [0m:      	                          (14, 0.0),
[92mINFO [0m:      	                          (15, 0.0),
[92mINFO [0m:      	                          (16, 0.0),
[92mINFO [0m:      	                          (17, 0.0),
[92mINFO [0m:      	                          (18, 0.0),
[92mINFO [0m:      	                          (19, 0.0),
[92mINFO [0m:      	                          (20, 0.0),
[92mINFO [0m:      	                          (21, 0.0),
[92mINFO [0m:      	                          (22, 0.0),
[92mINFO [0m:      	                          (23, 0.0),
[92mINFO [0m:      	                          (24, 0.0),
[92mINFO [0m:      	                          (25, 0.0)],
[92mINFO [0m:      	 'use_replay_distill': [(1, 0.0),
[92mINFO [0m:      	                        (2, 0.0),
[92mINFO [0m:      	                        (3, 0.0),
[92mINFO [0m:      	                        (4, 0.0),
[92mINFO [0m:      	                        (5, 0.0),
[92mINFO [0m:      	                        (6, 0.0),
[92mINFO [0m:      	                        (7, 0.0),
[92mINFO [0m:      	                        (8, 0.0),
[92mINFO [0m:      	                        (9, 0.0),
[92mINFO [0m:      	                        (10, 0.0),
[92mINFO [0m:      	                        (11, 0.0),
[92mINFO [0m:      	                        (12, 0.0),
[92mINFO [0m:      	                        (13, 0.0),
[92mINFO [0m:      	                        (14, 0.0),
[92mINFO [0m:      	                        (15, 0.0),
[92mINFO [0m:      	                        (16, 0.0),
[92mINFO [0m:      	                        (17, 0.0),
[92mINFO [0m:      	                        (18, 0.0),
[92mINFO [0m:      	                        (19, 0.0),
[92mINFO [0m:      	                        (20, 0.0),
[92mINFO [0m:      	                        (21, 0.0),
[92mINFO [0m:      	                        (22, 0.0),
[92mINFO [0m:      	                        (23, 0.0),
[92mINFO [0m:      	                        (24, 0.0),
[92mINFO [0m:      	                        (25, 0.0)]}
[92mINFO [0m:      	History (metrics, distributed, evaluate):
[92mINFO [0m:      	{'accuracy': [(1, 0.8933823529411765),
[92mINFO [0m:      	              (2, 0.9272058823529412),
[92mINFO [0m:      	              (3, 0.9727941176470588),
[92mINFO [0m:      	              (4, 0.9860294117647059),
[92mINFO [0m:      	              (5, 0.9904411764705883),
[92mINFO [0m:      	              (6, 0.9933823529411765),
[92mINFO [0m:      	              (7, 0.9941176470588236),
[92mINFO [0m:      	              (8, 0.9941176470588236),
[92mINFO [0m:      	              (9, 0.9955882352941177),
[92mINFO [0m:      	              (10, 0.9955882352941177),
[92mINFO [0m:      	              (11, 0.9970588235294118),
[92mINFO [0m:      	              (12, 0.9933823529411765),
[92mINFO [0m:      	              (13, 0.9948529411764706),
[92mINFO [0m:      	              (14, 0.9955882352941177),
[92mINFO [0m:      	              (15, 0.9955882352941177),
[92mINFO [0m:      	              (16, 0.9941176470588236),
[92mINFO [0m:      	              (17, 0.9955882352941177),
[92mINFO [0m:      	              (18, 0.9963235294117647),
[92mINFO [0m:      	              (19, 0.9941176470588236),
[92mINFO [0m:      	              (20, 0.9970588235294118),
[92mINFO [0m:      	              (21, 0.9963235294117647),
[92mINFO [0m:      	              (22, 0.9948529411764706),
[92mINFO [0m:      	              (23, 0.9948529411764706),
[92mINFO [0m:      	              (24, 0.9948529411764706),
[92mINFO [0m:      	              (25, 0.9948529411764706)],
[92mINFO [0m:      	 'evaluate_seconds': [(1, 0.8131473409885075),
[92mINFO [0m:      	                      (2, 0.7969577019102871),
[92mINFO [0m:      	                      (3, 0.7935371470521204),
[92mINFO [0m:      	                      (4, 0.8222969094349537),
[92mINFO [0m:      	                      (5, 0.8070508140081074),
[92mINFO [0m:      	                      (6, 0.8410664410621393),
[92mINFO [0m:      	                      (7, 0.805864154943265),
[92mINFO [0m:      	                      (8, 0.8095878195017576),
[92mINFO [0m:      	                      (9, 0.8511533584969584),
[92mINFO [0m:      	                      (10, 0.8060384250129573),
[92mINFO [0m:      	                      (11, 0.7923250454477966),
[92mINFO [0m:      	                      (12, 0.8383493480214383),
[92mINFO [0m:      	                      (13, 0.851654793455964),
[92mINFO [0m:      	                      (14, 0.8292819859925658),
[92mINFO [0m:      	                      (15, 0.8454529184964485),
[92mINFO [0m:      	                      (16, 0.8400386344874278),
[92mINFO [0m:      	                      (17, 0.8350783870264422),
[92mINFO [0m:      	                      (18, 0.8013441725051962),
[92mINFO [0m:      	                      (19, 0.8021039949962869),
[92mINFO [0m:      	                      (20, 0.8400639904721174),
[92mINFO [0m:      	                      (21, 0.8508766579907387),
[92mINFO [0m:      	                      (22, 0.7930840709595941),
[92mINFO [0m:      	                      (23, 0.7908432390540838),
[92mINFO [0m:      	                      (24, 0.8178199024114292),
[92mINFO [0m:      	                      (25, 0.8409108924970496)],
[92mINFO [0m:      	 'nll': [(1, 0.6465855163686416),
[92mINFO [0m:      	         (2, 0.4685459066839779),
[92mINFO [0m:      	         (3, 0.30672118470949283),
[92mINFO [0m:      	         (4, 0.17746081176926107),
[92mINFO [0m:      	         (5, 0.09208291291314012),
[92mINFO [0m:      	         (6, 0.05709312286447076),
[92mINFO [0m:      	         (7, 0.03511910353075055),
[92mINFO [0m:      	         (8, 0.02803193718633231),
[92mINFO [0m:      	         (9, 0.020651000716230453),
[92mINFO [0m:      	         (10, 0.02726926768116434),
[92mINFO [0m:      	         (11, 0.016124514845775113),
[92mINFO [0m:      	         (12, 0.03806603133870179),
[92mINFO [0m:      	         (13, 0.028472677963402342),
[92mINFO [0m:      	         (14, 0.025838672371088143),
[92mINFO [0m:      	         (15, 0.026038650899906368),
[92mINFO [0m:      	         (16, 0.030947318150976892),
[92mINFO [0m:      	         (17, 0.026233210011303205),
[92mINFO [0m:      	         (18, 0.02226781814413912),
[92mINFO [0m:      	         (19, 0.03298243928344591),
[92mINFO [0m:      	         (20, 0.020788476175820348),
[92mINFO [0m:      	         (21, 0.025906363414833322),
[92mINFO [0m:      	         (22, 0.03030509262564866),
[92mINFO [0m:      	         (23, 0.03209302764118868),
[92mINFO [0m:      	         (24, 0.03674157585517284),
[92mINFO [0m:      	         (25, 0.03518561799154507)],
[92mINFO [0m:      	 'num_examples': [(1, 680.0),
[92mINFO [0m:      	                  (2, 680.0),
[92mINFO [0m:      	                  (3, 680.0),
[92mINFO [0m:      	                  (4, 680.0),
[92mINFO [0m:      	                  (5, 680.0),
[92mINFO [0m:      	                  (6, 680.0),
[92mINFO [0m:      	                  (7, 680.0),
[92mINFO [0m:      	                  (8, 680.0),
[92mINFO [0m:      	                  (9, 680.0),
[92mINFO [0m:      	                  (10, 680.0),
[92mINFO [0m:      	                  (11, 680.0),
[92mINFO [0m:      	                  (12, 680.0),
[92mINFO [0m:      	                  (13, 680.0),
[92mINFO [0m:      	                  (14, 680.0),
[92mINFO [0m:      	                  (15, 680.0),
[92mINFO [0m:      	                  (16, 680.0),
[92mINFO [0m:      	                  (17, 680.0),
[92mINFO [0m:      	                  (18, 680.0),
[92mINFO [0m:      	                  (19, 680.0),
[92mINFO [0m:      	                  (20, 680.0),
[92mINFO [0m:      	                  (21, 680.0),
[92mINFO [0m:      	                  (22, 680.0),
[92mINFO [0m:      	                  (23, 680.0),
[92mINFO [0m:      	                  (24, 680.0),
[92mINFO [0m:      	                  (25, 680.0)]}
[92mINFO [0m:      
