[93mWARNING [0m:   DEPRECATED FEATURE: flwr.server.start_server() is deprecated.
	Instead, use the `flower-superlink` CLI command to start a SuperLink as shown below:

		$ flower-superlink --insecure

	To view usage and all available options, run:

		$ flower-superlink --help

	Using `start_server()` is deprecated.

            This is a deprecated feature. It will be removed
            entirely in future versions of Flower.
        
[92mINFO [0m:      Starting Flower server, config: num_rounds=25, no round_timeout
[92mINFO [0m:      Flower ECE: gRPC server running (25 rounds), SSL is disabled
[92mINFO [0m:      [INIT]
[92mINFO [0m:      Using initial global parameters provided by strategy
[92mINFO [0m:      Starting evaluation of initial global parameters
[92mINFO [0m:      Evaluation returned no results (`None`)
[92mINFO [0m:      
[92mINFO [0m:      [ROUND 1]
[92mINFO [0m:      configure_fit: strategy sampled 2 clients (out of 2)
[92mINFO [0m:      aggregate_fit: received 2 results and 0 failures
[92mINFO [0m:      configure_evaluate: strategy sampled 2 clients (out of 2)
[92mINFO [0m:      aggregate_evaluate: received 2 results and 0 failures
[92mINFO [0m:      
[92mINFO [0m:      [ROUND 2]
[92mINFO [0m:      configure_fit: strategy sampled 2 clients (out of 2)
[92mINFO [0m:      aggregate_fit: received 2 results and 0 failures
[92mINFO [0m:      configure_evaluate: strategy sampled 2 clients (out of 2)
[92mINFO [0m:      aggregate_evaluate: received 2 results and 0 failures
[92mINFO [0m:      
[92mINFO [0m:      [ROUND 3]
[92mINFO [0m:      configure_fit: strategy sampled 2 clients (out of 2)
[92mINFO [0m:      aggregate_fit: received 2 results and 0 failures
[92mINFO [0m:      configure_evaluate: strategy sampled 2 clients (out of 2)
[92mINFO [0m:      aggregate_evaluate: received 2 results and 0 failures
[92mINFO [0m:      
[92mINFO [0m:      [ROUND 4]
[92mINFO [0m:      configure_fit: strategy sampled 2 clients (out of 2)
[92mINFO [0m:      aggregate_fit: received 2 results and 0 failures
[92mINFO [0m:      configure_evaluate: strategy sampled 2 clients (out of 2)
[92mINFO [0m:      aggregate_evaluate: received 2 results and 0 failures
[92mINFO [0m:      
[92mINFO [0m:      [ROUND 5]
[92mINFO [0m:      configure_fit: strategy sampled 2 clients (out of 2)
[92mINFO [0m:      aggregate_fit: received 2 results and 0 failures
[92mINFO [0m:      configure_evaluate: strategy sampled 2 clients (out of 2)
[92mINFO [0m:      aggregate_evaluate: received 2 results and 0 failures
[92mINFO [0m:      
[92mINFO [0m:      [ROUND 6]
[92mINFO [0m:      configure_fit: strategy sampled 2 clients (out of 2)
[92mINFO [0m:      aggregate_fit: received 2 results and 0 failures
[92mINFO [0m:      configure_evaluate: strategy sampled 2 clients (out of 2)
[92mINFO [0m:      aggregate_evaluate: received 2 results and 0 failures
[92mINFO [0m:      
[92mINFO [0m:      [ROUND 7]
[92mINFO [0m:      configure_fit: strategy sampled 2 clients (out of 2)
[92mINFO [0m:      aggregate_fit: received 2 results and 0 failures
[92mINFO [0m:      configure_evaluate: strategy sampled 2 clients (out of 2)
[92mINFO [0m:      aggregate_evaluate: received 2 results and 0 failures
[92mINFO [0m:      
[92mINFO [0m:      [ROUND 8]
[92mINFO [0m:      configure_fit: strategy sampled 2 clients (out of 2)
[92mINFO [0m:      aggregate_fit: received 2 results and 0 failures
[92mINFO [0m:      configure_evaluate: strategy sampled 2 clients (out of 2)
[92mINFO [0m:      aggregate_evaluate: received 2 results and 0 failures
[92mINFO [0m:      
[92mINFO [0m:      [ROUND 9]
[92mINFO [0m:      configure_fit: strategy sampled 2 clients (out of 2)
[92mINFO [0m:      aggregate_fit: received 2 results and 0 failures
[92mINFO [0m:      configure_evaluate: strategy sampled 2 clients (out of 2)
[92mINFO [0m:      aggregate_evaluate: received 2 results and 0 failures
[92mINFO [0m:      
[92mINFO [0m:      [ROUND 10]
[92mINFO [0m:      configure_fit: strategy sampled 2 clients (out of 2)
[92mINFO [0m:      aggregate_fit: received 2 results and 0 failures
[92mINFO [0m:      configure_evaluate: strategy sampled 2 clients (out of 2)
[92mINFO [0m:      aggregate_evaluate: received 2 results and 0 failures
[92mINFO [0m:      
[92mINFO [0m:      [ROUND 11]
[92mINFO [0m:      configure_fit: strategy sampled 2 clients (out of 2)
[92mINFO [0m:      aggregate_fit: received 2 results and 0 failures
[92mINFO [0m:      configure_evaluate: strategy sampled 2 clients (out of 2)
[92mINFO [0m:      aggregate_evaluate: received 2 results and 0 failures
[92mINFO [0m:      
[92mINFO [0m:      [ROUND 12]
[92mINFO [0m:      configure_fit: strategy sampled 2 clients (out of 2)
[92mINFO [0m:      aggregate_fit: received 2 results and 0 failures
[92mINFO [0m:      configure_evaluate: strategy sampled 2 clients (out of 2)
[92mINFO [0m:      aggregate_evaluate: received 2 results and 0 failures
[92mINFO [0m:      
[92mINFO [0m:      [ROUND 13]
[92mINFO [0m:      configure_fit: strategy sampled 2 clients (out of 2)
[92mINFO [0m:      aggregate_fit: received 2 results and 0 failures
[92mINFO [0m:      configure_evaluate: strategy sampled 2 clients (out of 2)
[92mINFO [0m:      aggregate_evaluate: received 2 results and 0 failures
[92mINFO [0m:      
[92mINFO [0m:      [ROUND 14]
[92mINFO [0m:      configure_fit: strategy sampled 2 clients (out of 2)
[92mINFO [0m:      aggregate_fit: received 2 results and 0 failures
[92mINFO [0m:      configure_evaluate: strategy sampled 2 clients (out of 2)
[92mINFO [0m:      aggregate_evaluate: received 2 results and 0 failures
[92mINFO [0m:      
[92mINFO [0m:      [ROUND 15]
[92mINFO [0m:      configure_fit: strategy sampled 2 clients (out of 2)
[92mINFO [0m:      aggregate_fit: received 2 results and 0 failures
[92mINFO [0m:      configure_evaluate: strategy sampled 2 clients (out of 2)
[92mINFO [0m:      aggregate_evaluate: received 2 results and 0 failures
[92mINFO [0m:      
[92mINFO [0m:      [ROUND 16]
[92mINFO [0m:      configure_fit: strategy sampled 2 clients (out of 2)
[92mINFO [0m:      aggregate_fit: received 2 results and 0 failures
[92mINFO [0m:      configure_evaluate: strategy sampled 2 clients (out of 2)
[92mINFO [0m:      aggregate_evaluate: received 2 results and 0 failures
[92mINFO [0m:      
[92mINFO [0m:      [ROUND 17]
[92mINFO [0m:      configure_fit: strategy sampled 2 clients (out of 2)
[92mINFO [0m:      aggregate_fit: received 2 results and 0 failures
[92mINFO [0m:      configure_evaluate: strategy sampled 2 clients (out of 2)
[92mINFO [0m:      aggregate_evaluate: received 2 results and 0 failures
[92mINFO [0m:      
[92mINFO [0m:      [ROUND 18]
[92mINFO [0m:      configure_fit: strategy sampled 2 clients (out of 2)
[92mINFO [0m:      aggregate_fit: received 2 results and 0 failures
[92mINFO [0m:      configure_evaluate: strategy sampled 2 clients (out of 2)
[92mINFO [0m:      aggregate_evaluate: received 2 results and 0 failures
[92mINFO [0m:      
[92mINFO [0m:      [ROUND 19]
[92mINFO [0m:      configure_fit: strategy sampled 2 clients (out of 2)
[92mINFO [0m:      aggregate_fit: received 2 results and 0 failures
[92mINFO [0m:      configure_evaluate: strategy sampled 2 clients (out of 2)
[92mINFO [0m:      aggregate_evaluate: received 2 results and 0 failures
[92mINFO [0m:      
[92mINFO [0m:      [ROUND 20]
[92mINFO [0m:      configure_fit: strategy sampled 2 clients (out of 2)
[92mINFO [0m:      aggregate_fit: received 2 results and 0 failures
[92mINFO [0m:      configure_evaluate: strategy sampled 2 clients (out of 2)
[92mINFO [0m:      aggregate_evaluate: received 2 results and 0 failures
[92mINFO [0m:      
[92mINFO [0m:      [ROUND 21]
[92mINFO [0m:      configure_fit: strategy sampled 2 clients (out of 2)
[92mINFO [0m:      aggregate_fit: received 2 results and 0 failures
[92mINFO [0m:      configure_evaluate: strategy sampled 2 clients (out of 2)
[92mINFO [0m:      aggregate_evaluate: received 2 results and 0 failures
[92mINFO [0m:      
[92mINFO [0m:      [ROUND 22]
[92mINFO [0m:      configure_fit: strategy sampled 2 clients (out of 2)
[92mINFO [0m:      aggregate_fit: received 2 results and 0 failures
[92mINFO [0m:      configure_evaluate: strategy sampled 2 clients (out of 2)
[92mINFO [0m:      aggregate_evaluate: received 2 results and 0 failures
[92mINFO [0m:      
[92mINFO [0m:      [ROUND 23]
[92mINFO [0m:      configure_fit: strategy sampled 2 clients (out of 2)
[92mINFO [0m:      aggregate_fit: received 2 results and 0 failures
[92mINFO [0m:      configure_evaluate: strategy sampled 2 clients (out of 2)
[92mINFO [0m:      aggregate_evaluate: received 2 results and 0 failures
[92mINFO [0m:      
[92mINFO [0m:      [ROUND 24]
[92mINFO [0m:      configure_fit: strategy sampled 2 clients (out of 2)
[92mINFO [0m:      aggregate_fit: received 2 results and 0 failures
[92mINFO [0m:      configure_evaluate: strategy sampled 2 clients (out of 2)
[92mINFO [0m:      aggregate_evaluate: received 2 results and 0 failures
[92mINFO [0m:      
[92mINFO [0m:      [ROUND 25]
[92mINFO [0m:      configure_fit: strategy sampled 2 clients (out of 2)
[92mINFO [0m:      aggregate_fit: received 2 results and 0 failures
[92mINFO [0m:      configure_evaluate: strategy sampled 2 clients (out of 2)
[92mINFO [0m:      aggregate_evaluate: received 2 results and 0 failures
[92mINFO [0m:      
[92mINFO [0m:      [SUMMARY]
[92mINFO [0m:      Run finished 25 round(s) in 298.63s
[92mINFO [0m:      	History (loss, distributed):
[92mINFO [0m:      		round 1: 1.3146017789840698
[92mINFO [0m:      		round 2: 1.2839638590812683
[92mINFO [0m:      		round 3: 1.2680925130844116
[92mINFO [0m:      		round 4: 1.2581796050071716
[92mINFO [0m:      		round 5: 1.2500692009925842
[92mINFO [0m:      		round 6: 1.2426722645759583
[92mINFO [0m:      		round 7: 1.2356043457984924
[92mINFO [0m:      		round 8: 1.2286927700042725
[92mINFO [0m:      		round 9: 1.221875786781311
[92mINFO [0m:      		round 10: 1.2151069641113281
[92mINFO [0m:      		round 11: 1.2083640098571777
[92mINFO [0m:      		round 12: 1.2015183568000793
[92mINFO [0m:      		round 13: 1.1945134401321411
[92mINFO [0m:      		round 14: 1.1874534487724304
[92mINFO [0m:      		round 15: 1.1804395914077759
[92mINFO [0m:      		round 16: 1.1734258532524109
[92mINFO [0m:      		round 17: 1.1665448546409607
[92mINFO [0m:      		round 18: 1.159707486629486
[92mINFO [0m:      		round 19: 1.1528988480567932
[92mINFO [0m:      		round 20: 1.146157145500183
[92mINFO [0m:      		round 21: 1.1394774317741394
[92mINFO [0m:      		round 22: 1.1328362822532654
[92mINFO [0m:      		round 23: 1.1262327432632446
[92mINFO [0m:      		round 24: 1.1196582317352295
[92mINFO [0m:      		round 25: 1.1131418943405151
[92mINFO [0m:      	History (metrics, distributed, fit):
[92mINFO [0m:      	{'align_enabled': [(1, 0.0),
[92mINFO [0m:      	                   (2, 0.0),
[92mINFO [0m:      	                   (3, 0.0),
[92mINFO [0m:      	                   (4, 0.0),
[92mINFO [0m:      	                   (5, 0.0),
[92mINFO [0m:      	                   (6, 0.0),
[92mINFO [0m:      	                   (7, 0.0),
[92mINFO [0m:      	                   (8, 0.0),
[92mINFO [0m:      	                   (9, 0.0),
[92mINFO [0m:      	                   (10, 0.0),
[92mINFO [0m:      	                   (11, 0.0),
[92mINFO [0m:      	                   (12, 0.0),
[92mINFO [0m:      	                   (13, 0.0),
[92mINFO [0m:      	                   (14, 0.0),
[92mINFO [0m:      	                   (15, 0.0),
[92mINFO [0m:      	                   (16, 0.0),
[92mINFO [0m:      	                   (17, 0.0),
[92mINFO [0m:      	                   (18, 0.0),
[92mINFO [0m:      	                   (19, 0.0),
[92mINFO [0m:      	                   (20, 0.0),
[92mINFO [0m:      	                   (21, 0.0),
[92mINFO [0m:      	                   (22, 0.0),
[92mINFO [0m:      	                   (23, 0.0),
[92mINFO [0m:      	                   (24, 0.0),
[92mINFO [0m:      	                   (25, 0.0)],
[92mINFO [0m:      	 'fedprox_mu': [(1, 0.0),
[92mINFO [0m:      	                (2, 0.0),
[92mINFO [0m:      	                (3, 0.0),
[92mINFO [0m:      	                (4, 0.0),
[92mINFO [0m:      	                (5, 0.0),
[92mINFO [0m:      	                (6, 0.0),
[92mINFO [0m:      	                (7, 0.0),
[92mINFO [0m:      	                (8, 0.0),
[92mINFO [0m:      	                (9, 0.0),
[92mINFO [0m:      	                (10, 0.0),
[92mINFO [0m:      	                (11, 0.0),
[92mINFO [0m:      	                (12, 0.0),
[92mINFO [0m:      	                (13, 0.0),
[92mINFO [0m:      	                (14, 0.0),
[92mINFO [0m:      	                (15, 0.0),
[92mINFO [0m:      	                (16, 0.0),
[92mINFO [0m:      	                (17, 0.0),
[92mINFO [0m:      	                (18, 0.0),
[92mINFO [0m:      	                (19, 0.0),
[92mINFO [0m:      	                (20, 0.0),
[92mINFO [0m:      	                (21, 0.0),
[92mINFO [0m:      	                (22, 0.0),
[92mINFO [0m:      	                (23, 0.0),
[92mINFO [0m:      	                (24, 0.0),
[92mINFO [0m:      	                (25, 0.0)],
[92mINFO [0m:      	 'fit_seconds': [(1, 8.755194535420742),
[92mINFO [0m:      	                 (2, 7.448908738937462),
[92mINFO [0m:      	                 (3, 7.733924834465142),
[92mINFO [0m:      	                 (4, 7.951419534540037),
[92mINFO [0m:      	                 (5, 7.819551196473185),
[92mINFO [0m:      	                 (6, 7.8033510159293655),
[92mINFO [0m:      	                 (7, 7.7788067895162385),
[92mINFO [0m:      	                 (8, 7.496544213528978),
[92mINFO [0m:      	                 (9, 7.514499154029181),
[92mINFO [0m:      	                 (10, 7.751689208467724),
[92mINFO [0m:      	                 (11, 7.872930439945776),
[92mINFO [0m:      	                 (12, 7.86367793098907),
[92mINFO [0m:      	                 (13, 8.03047006498673),
[92mINFO [0m:      	                 (14, 7.918018485972425),
[92mINFO [0m:      	                 (15, 7.817731636983808),
[92mINFO [0m:      	                 (16, 7.829350239073392),
[92mINFO [0m:      	                 (17, 7.816513866971945),
[92mINFO [0m:      	                 (18, 7.762956777965883),
[92mINFO [0m:      	                 (19, 7.766101153974887),
[92mINFO [0m:      	                 (20, 7.858528915938223),
[92mINFO [0m:      	                 (21, 7.83878408340388),
[92mINFO [0m:      	                 (22, 7.8521108399145305),
[92mINFO [0m:      	                 (23, 7.952493383025285),
[92mINFO [0m:      	                 (24, 7.816949005995411),
[92mINFO [0m:      	                 (25, 7.833268435992068)],
[92mINFO [0m:      	 'local_epochs': [(1, 1.0),
[92mINFO [0m:      	                  (2, 1.0),
[92mINFO [0m:      	                  (3, 1.0),
[92mINFO [0m:      	                  (4, 1.0),
[92mINFO [0m:      	                  (5, 1.0),
[92mINFO [0m:      	                  (6, 1.0),
[92mINFO [0m:      	                  (7, 1.0),
[92mINFO [0m:      	                  (8, 1.0),
[92mINFO [0m:      	                  (9, 1.0),
[92mINFO [0m:      	                  (10, 1.0),
[92mINFO [0m:      	                  (11, 1.0),
[92mINFO [0m:      	                  (12, 1.0),
[92mINFO [0m:      	                  (13, 1.0),
[92mINFO [0m:      	                  (14, 1.0),
[92mINFO [0m:      	                  (15, 1.0),
[92mINFO [0m:      	                  (16, 1.0),
[92mINFO [0m:      	                  (17, 1.0),
[92mINFO [0m:      	                  (18, 1.0),
[92mINFO [0m:      	                  (19, 1.0),
[92mINFO [0m:      	                  (20, 1.0),
[92mINFO [0m:      	                  (21, 1.0),
[92mINFO [0m:      	                  (22, 1.0),
[92mINFO [0m:      	                  (23, 1.0),
[92mINFO [0m:      	                  (24, 1.0),
[92mINFO [0m:      	                  (25, 1.0)],
[92mINFO [0m:      	 'num_examples': [(1, 2360.0),
[92mINFO [0m:      	                  (2, 2360.0),
[92mINFO [0m:      	                  (3, 2360.0),
[92mINFO [0m:      	                  (4, 2360.0),
[92mINFO [0m:      	                  (5, 2360.0),
[92mINFO [0m:      	                  (6, 2360.0),
[92mINFO [0m:      	                  (7, 2360.0),
[92mINFO [0m:      	                  (8, 2360.0),
[92mINFO [0m:      	                  (9, 2360.0),
[92mINFO [0m:      	                  (10, 2360.0),
[92mINFO [0m:      	                  (11, 2360.0),
[92mINFO [0m:      	                  (12, 2360.0),
[92mINFO [0m:      	                  (13, 2360.0),
[92mINFO [0m:      	                  (14, 2360.0),
[92mINFO [0m:      	                  (15, 2360.0),
[92mINFO [0m:      	                  (16, 2360.0),
[92mINFO [0m:      	                  (17, 2360.0),
[92mINFO [0m:      	                  (18, 2360.0),
[92mINFO [0m:      	                  (19, 2360.0),
[92mINFO [0m:      	                  (20, 2360.0),
[92mINFO [0m:      	                  (21, 2360.0),
[92mINFO [0m:      	                  (22, 2360.0),
[92mINFO [0m:      	                  (23, 2360.0),
[92mINFO [0m:      	                  (24, 2360.0),
[92mINFO [0m:      	                  (25, 2360.0)],
[92mINFO [0m:      	 'proto_decoupling_enabled': [(1, 0.0),
[92mINFO [0m:      	                              (2, 0.0),
[92mINFO [0m:      	                              (3, 0.0),
[92mINFO [0m:      	                              (4, 0.0),
[92mINFO [0m:      	                              (5, 0.0),
[92mINFO [0m:      	                              (6, 0.0),
[92mINFO [0m:      	                              (7, 0.0),
[92mINFO [0m:      	                              (8, 0.0),
[92mINFO [0m:      	                              (9, 0.0),
[92mINFO [0m:      	                              (10, 0.0),
[92mINFO [0m:      	                              (11, 0.0),
[92mINFO [0m:      	                              (12, 0.0),
[92mINFO [0m:      	                              (13, 0.0),
[92mINFO [0m:      	                              (14, 0.0),
[92mINFO [0m:      	                              (15, 0.0),
[92mINFO [0m:      	                              (16, 0.0),
[92mINFO [0m:      	                              (17, 0.0),
[92mINFO [0m:      	                              (18, 0.0),
[92mINFO [0m:      	                              (19, 0.0),
[92mINFO [0m:      	                              (20, 0.0),
[92mINFO [0m:      	                              (21, 0.0),
[92mINFO [0m:      	                              (22, 0.0),
[92mINFO [0m:      	                              (23, 0.0),
[92mINFO [0m:      	                              (24, 0.0),
[92mINFO [0m:      	                              (25, 0.0)],
[92mINFO [0m:      	 'replay_distill_enabled': [(1, 0.0),
[92mINFO [0m:      	                            (2, 0.0),
[92mINFO [0m:      	                            (3, 0.0),
[92mINFO [0m:      	                            (4, 0.0),
[92mINFO [0m:      	                            (5, 0.0),
[92mINFO [0m:      	                            (6, 0.0),
[92mINFO [0m:      	                            (7, 0.0),
[92mINFO [0m:      	                            (8, 0.0),
[92mINFO [0m:      	                            (9, 0.0),
[92mINFO [0m:      	                            (10, 0.0),
[92mINFO [0m:      	                            (11, 0.0),
[92mINFO [0m:      	                            (12, 0.0),
[92mINFO [0m:      	                            (13, 0.0),
[92mINFO [0m:      	                            (14, 0.0),
[92mINFO [0m:      	                            (15, 0.0),
[92mINFO [0m:      	                            (16, 0.0),
[92mINFO [0m:      	                            (17, 0.0),
[92mINFO [0m:      	                            (18, 0.0),
[92mINFO [0m:      	                            (19, 0.0),
[92mINFO [0m:      	                            (20, 0.0),
[92mINFO [0m:      	                            (21, 0.0),
[92mINFO [0m:      	                            (22, 0.0),
[92mINFO [0m:      	                            (23, 0.0),
[92mINFO [0m:      	                            (24, 0.0),
[92mINFO [0m:      	                            (25, 0.0)],
[92mINFO [0m:      	 'scaffold_adam_state_present': [(1, 0.0),
[92mINFO [0m:      	                                 (2, 0.0),
[92mINFO [0m:      	                                 (3, 0.0),
[92mINFO [0m:      	                                 (4, 0.0),
[92mINFO [0m:      	                                 (5, 0.0),
[92mINFO [0m:      	                                 (6, 0.0),
[92mINFO [0m:      	                                 (7, 0.0),
[92mINFO [0m:      	                                 (8, 0.0),
[92mINFO [0m:      	                                 (9, 0.0),
[92mINFO [0m:      	                                 (10, 0.0),
[92mINFO [0m:      	                                 (11, 0.0),
[92mINFO [0m:      	                                 (12, 0.0),
[92mINFO [0m:      	                                 (13, 0.0),
[92mINFO [0m:      	                                 (14, 0.0),
[92mINFO [0m:      	                                 (15, 0.0),
[92mINFO [0m:      	                                 (16, 0.0),
[92mINFO [0m:      	                                 (17, 0.0),
[92mINFO [0m:      	                                 (18, 0.0),
[92mINFO [0m:      	                                 (19, 0.0),
[92mINFO [0m:      	                                 (20, 0.0),
[92mINFO [0m:      	                                 (21, 0.0),
[92mINFO [0m:      	                                 (22, 0.0),
[92mINFO [0m:      	                                 (23, 0.0),
[92mINFO [0m:      	                                 (24, 0.0),
[92mINFO [0m:      	                                 (25, 0.0)],
[92mINFO [0m:      	 'scaffold_local_steps': [(1, 74.0),
[92mINFO [0m:      	                          (2, 74.0),
[92mINFO [0m:      	                          (3, 74.0),
[92mINFO [0m:      	                          (4, 74.0),
[92mINFO [0m:      	                          (5, 74.0),
[92mINFO [0m:      	                          (6, 74.0),
[92mINFO [0m:      	                          (7, 74.0),
[92mINFO [0m:      	                          (8, 74.0),
[92mINFO [0m:      	                          (9, 74.0),
[92mINFO [0m:      	                          (10, 74.0),
[92mINFO [0m:      	                          (11, 74.0),
[92mINFO [0m:      	                          (12, 74.0),
[92mINFO [0m:      	                          (13, 74.0),
[92mINFO [0m:      	                          (14, 74.0),
[92mINFO [0m:      	                          (15, 74.0),
[92mINFO [0m:      	                          (16, 74.0),
[92mINFO [0m:      	                          (17, 74.0),
[92mINFO [0m:      	                          (18, 74.0),
[92mINFO [0m:      	                          (19, 74.0),
[92mINFO [0m:      	                          (20, 74.0),
[92mINFO [0m:      	                          (21, 74.0),
[92mINFO [0m:      	                          (22, 74.0),
[92mINFO [0m:      	                          (23, 74.0),
[92mINFO [0m:      	                          (24, 74.0),
[92mINFO [0m:      	                          (25, 74.0)],
[92mINFO [0m:      	 'scaffold_optimizer_lr': [(1, 0.0005),
[92mINFO [0m:      	                           (2, 0.0005),
[92mINFO [0m:      	                           (3, 0.0005),
[92mINFO [0m:      	                           (4, 0.0005),
[92mINFO [0m:      	                           (5, 0.0005),
[92mINFO [0m:      	                           (6, 0.0005),
[92mINFO [0m:      	                           (7, 0.0005),
[92mINFO [0m:      	                           (8, 0.0005),
[92mINFO [0m:      	                           (9, 0.0005),
[92mINFO [0m:      	                           (10, 0.0005),
[92mINFO [0m:      	                           (11, 0.0005),
[92mINFO [0m:      	                           (12, 0.0005),
[92mINFO [0m:      	                           (13, 0.0005),
[92mINFO [0m:      	                           (14, 0.0005),
[92mINFO [0m:      	                           (15, 0.0005),
[92mINFO [0m:      	                           (16, 0.0005),
[92mINFO [0m:      	                           (17, 0.0005),
[92mINFO [0m:      	                           (18, 0.0005),
[92mINFO [0m:      	                           (19, 0.0005),
[92mINFO [0m:      	                           (20, 0.0005),
[92mINFO [0m:      	                           (21, 0.0005),
[92mINFO [0m:      	                           (22, 0.0005),
[92mINFO [0m:      	                           (23, 0.0005),
[92mINFO [0m:      	                           (24, 0.0005),
[92mINFO [0m:      	                           (25, 0.0005)],
[92mINFO [0m:      	 'seed': [(1, 42.0),
[92mINFO [0m:      	          (2, 42.0),
[92mINFO [0m:      	          (3, 42.0),
[92mINFO [0m:      	          (4, 42.0),
[92mINFO [0m:      	          (5, 42.0),
[92mINFO [0m:      	          (6, 42.0),
[92mINFO [0m:      	          (7, 42.0),
[92mINFO [0m:      	          (8, 42.0),
[92mINFO [0m:      	          (9, 42.0),
[92mINFO [0m:      	          (10, 42.0),
[92mINFO [0m:      	          (11, 42.0),
[92mINFO [0m:      	          (12, 42.0),
[92mINFO [0m:      	          (13, 42.0),
[92mINFO [0m:      	          (14, 42.0),
[92mINFO [0m:      	          (15, 42.0),
[92mINFO [0m:      	          (16, 42.0),
[92mINFO [0m:      	          (17, 42.0),
[92mINFO [0m:      	          (18, 42.0),
[92mINFO [0m:      	          (19, 42.0),
[92mINFO [0m:      	          (20, 42.0),
[92mINFO [0m:      	          (21, 42.0),
[92mINFO [0m:      	          (22, 42.0),
[92mINFO [0m:      	          (23, 42.0),
[92mINFO [0m:      	          (24, 42.0),
[92mINFO [0m:      	          (25, 42.0)],
[92mINFO [0m:      	 'train_accuracy': [(1, 0.4311440677966102),
[92mINFO [0m:      	                    (2, 0.5419491525423729),
[92mINFO [0m:      	                    (3, 0.6),
[92mINFO [0m:      	                    (4, 0.622457627118644),
[92mINFO [0m:      	                    (5, 0.6353813559322034),
[92mINFO [0m:      	                    (6, 0.6398305084745762),
[92mINFO [0m:      	                    (7, 0.6565677966101695),
[92mINFO [0m:      	                    (8, 0.6671610169491525),
[92mINFO [0m:      	                    (9, 0.676271186440678),
[92mINFO [0m:      	                    (10, 0.6809322033898305),
[92mINFO [0m:      	                    (11, 0.6947033898305085),
[92mINFO [0m:      	                    (12, 0.6932203389830508),
[92mINFO [0m:      	                    (13, 0.7059322033898305),
[92mINFO [0m:      	                    (14, 0.711228813559322),
[92mINFO [0m:      	                    (15, 0.7173728813559322),
[92mINFO [0m:      	                    (16, 0.7192796610169492),
[92mINFO [0m:      	                    (17, 0.725635593220339),
[92mINFO [0m:      	                    (18, 0.7294491525423729),
[92mINFO [0m:      	                    (19, 0.7358050847457627),
[92mINFO [0m:      	                    (20, 0.738135593220339),
[92mINFO [0m:      	                    (21, 0.7421610169491526),
[92mINFO [0m:      	                    (22, 0.7391949152542373),
[92mINFO [0m:      	                    (23, 0.7495762711864407),
[92mINFO [0m:      	                    (24, 0.7508474576271187),
[92mINFO [0m:      	                    (25, 0.7569915254237288)],
[92mINFO [0m:      	 'train_ce_mean': [(1, 1.3268437490269942),
[92mINFO [0m:      	                   (2, 1.2996849989568866),
[92mINFO [0m:      	                   (3, 1.280425576744853),
[92mINFO [0m:      	                   (4, 1.266938674288827),
[92mINFO [0m:      	                   (5, 1.2616463682136019),
[92mINFO [0m:      	                   (6, 1.2533753401524312),
[92mINFO [0m:      	                   (7, 1.246447791924348),
[92mINFO [0m:      	                   (8, 1.2411603073816042),
[92mINFO [0m:      	                   (9, 1.2346377920460057),
[92mINFO [0m:      	                   (10, 1.2281623386047984),
[92mINFO [0m:      	                   (11, 1.2204590077335769),
[92mINFO [0m:      	                   (12, 1.214032773230527),
[92mINFO [0m:      	                   (13, 1.2097687213807493),
[92mINFO [0m:      	                   (14, 1.2008864605748975),
[92mINFO [0m:      	                   (15, 1.1944693294731348),
[92mINFO [0m:      	                   (16, 1.1897917542908643),
[92mINFO [0m:      	                   (17, 1.1816030853503459),
[92mINFO [0m:      	                   (18, 1.1756582815904875),
[92mINFO [0m:      	                   (19, 1.1704446592846434),
[92mINFO [0m:      	                   (20, 1.1635434772517228),
[92mINFO [0m:      	                   (21, 1.155819909798132),
[92mINFO [0m:      	                   (22, 1.151584991732159),
[92mINFO [0m:      	                   (23, 1.143591923488153),
[92mINFO [0m:      	                   (24, 1.1376090323602832),
[92mINFO [0m:      	                   (25, 1.1312235956256456)],
[92mINFO [0m:      	 'train_metric_examples': [(1, 2360.0),
[92mINFO [0m:      	                           (2, 2360.0),
[92mINFO [0m:      	                           (3, 2360.0),
[92mINFO [0m:      	                           (4, 2360.0),
[92mINFO [0m:      	                           (5, 2360.0),
[92mINFO [0m:      	                           (6, 2360.0),
[92mINFO [0m:      	                           (7, 2360.0),
[92mINFO [0m:      	                           (8, 2360.0),
[92mINFO [0m:      	                           (9, 2360.0),
[92mINFO [0m:      	                           (10, 2360.0),
[92mINFO [0m:      	                           (11, 2360.0),
[92mINFO [0m:      	                           (12, 2360.0),
[92mINFO [0m:      	                           (13, 2360.0),
[92mINFO [0m:      	                           (14, 2360.0),
[92mINFO [0m:      	                           (15, 2360.0),
[92mINFO [0m:      	                           (16, 2360.0),
[92mINFO [0m:      	                           (17, 2360.0),
[92mINFO [0m:      	                           (18, 2360.0),
[92mINFO [0m:      	                           (19, 2360.0),
[92mINFO [0m:      	                           (20, 2360.0),
[92mINFO [0m:      	                           (21, 2360.0),
[92mINFO [0m:      	                           (22, 2360.0),
[92mINFO [0m:      	                           (23, 2360.0),
[92mINFO [0m:      	                           (24, 2360.0),
[92mINFO [0m:      	                           (25, 2360.0)],
[92mINFO [0m:      	 'train_samples': [(1, 2360.0),
[92mINFO [0m:      	                   (2, 2360.0),
[92mINFO [0m:      	                   (3, 2360.0),
[92mINFO [0m:      	                   (4, 2360.0),
[92mINFO [0m:      	                   (5, 2360.0),
[92mINFO [0m:      	                   (6, 2360.0),
[92mINFO [0m:      	                   (7, 2360.0),
[92mINFO [0m:      	                   (8, 2360.0),
[92mINFO [0m:      	                   (9, 2360.0),
[92mINFO [0m:      	                   (10, 2360.0),
[92mINFO [0m:      	                   (11, 2360.0),
[92mINFO [0m:      	                   (12, 2360.0),
[92mINFO [0m:      	                   (13, 2360.0),
[92mINFO [0m:      	                   (14, 2360.0),
[92mINFO [0m:      	                   (15, 2360.0),
[92mINFO [0m:      	                   (16, 2360.0),
[92mINFO [0m:      	                   (17, 2360.0),
[92mINFO [0m:      	                   (18, 2360.0),
[92mINFO [0m:      	                   (19, 2360.0),
[92mINFO [0m:      	                   (20, 2360.0),
[92mINFO [0m:      	                   (21, 2360.0),
[92mINFO [0m:      	                   (22, 2360.0),
[92mINFO [0m:      	                   (23, 2360.0),
[92mINFO [0m:      	                   (24, 2360.0),
[92mINFO [0m:      	                   (25, 2360.0)]}
[92mINFO [0m:      	History (metrics, distributed, evaluate):
[92mINFO [0m:      	{'accuracy': [(1, 0.5125),
[92mINFO [0m:      	              (2, 0.6352941176470588),
[92mINFO [0m:      	              (3, 0.674264705882353),
[92mINFO [0m:      	              (4, 0.6875),
[92mINFO [0m:      	              (5, 0.6941176470588235),
[92mINFO [0m:      	              (6, 0.6992647058823529),
[92mINFO [0m:      	              (7, 0.7044117647058824),
[92mINFO [0m:      	              (8, 0.7110294117647059),
[92mINFO [0m:      	              (9, 0.711764705882353),
[92mINFO [0m:      	              (10, 0.7161764705882353),
[92mINFO [0m:      	              (11, 0.7169117647058824),
[92mINFO [0m:      	              (12, 0.7205882352941176),
[92mINFO [0m:      	              (13, 0.7264705882352941),
[92mINFO [0m:      	              (14, 0.7286764705882353),
[92mINFO [0m:      	              (15, 0.7279411764705882),
[92mINFO [0m:      	              (16, 0.7301470588235294),
[92mINFO [0m:      	              (17, 0.7330882352941176),
[92mINFO [0m:      	              (18, 0.736764705882353),
[92mINFO [0m:      	              (19, 0.7404411764705883),
[92mINFO [0m:      	              (20, 0.7448529411764706),
[92mINFO [0m:      	              (21, 0.7492647058823529),
[92mINFO [0m:      	              (22, 0.7507352941176471),
[92mINFO [0m:      	              (23, 0.7536764705882353),
[92mINFO [0m:      	              (24, 0.7573529411764706),
[92mINFO [0m:      	              (25, 0.7639705882352941)],
[92mINFO [0m:      	 'evaluate_seconds': [(1, 0.7610507339704782),
[92mINFO [0m:      	                      (2, 0.7560091128980275),
[92mINFO [0m:      	                      (3, 0.8044598704727832),
[92mINFO [0m:      	                      (4, 0.7893433964927681),
[92mINFO [0m:      	                      (5, 0.8099086700531188),
[92mINFO [0m:      	                      (6, 0.8115456694504246),
[92mINFO [0m:      	                      (7, 0.7689327434054576),
[92mINFO [0m:      	                      (8, 0.7636485854454804),
[92mINFO [0m:      	                      (9, 0.7889409884519409),
[92mINFO [0m:      	                      (10, 0.798177750519244),
[92mINFO [0m:      	                      (11, 0.795737017004285),
[92mINFO [0m:      	                      (12, 0.791787857451709),
[92mINFO [0m:      	                      (13, 0.8000720955315046),
[92mINFO [0m:      	                      (14, 0.7935835894313641),
[92mINFO [0m:      	                      (15, 0.799224627960939),
[92mINFO [0m:      	                      (16, 0.7847129524161573),
[92mINFO [0m:      	                      (17, 0.8033705870329868),
[92mINFO [0m:      	                      (18, 0.8046012734412216),
[92mINFO [0m:      	                      (19, 0.7910934931132942),
[92mINFO [0m:      	                      (20, 0.7927590870531276),
[92mINFO [0m:      	                      (21, 0.8021852020174265),
[92mINFO [0m:      	                      (22, 0.8013754395942669),
[92mINFO [0m:      	                      (23, 0.7924224839662202),
[92mINFO [0m:      	                      (24, 0.7881290830555372),
[92mINFO [0m:      	                      (25, 0.7932214585016482)],
[92mINFO [0m:      	 'nll': [(1, 1.3146018021246966),
[92mINFO [0m:      	         (2, 1.2839639011551351),
[92mINFO [0m:      	         (3, 1.2680925039684072),
[92mINFO [0m:      	         (4, 1.258179583269007),
[92mINFO [0m:      	         (5, 1.2500692276393666),
[92mINFO [0m:      	         (6, 1.2426722477464114),
[92mINFO [0m:      	         (7, 1.2356043563169592),
[92mINFO [0m:      	         (8, 1.2286927693030414),
[92mINFO [0m:      	         (9, 1.22187579870224),
[92mINFO [0m:      	         (10, 1.2151069774347194),
[92mINFO [0m:      	         (11, 1.208364042113809),
[92mINFO [0m:      	         (12, 1.2015183960690219),
[92mINFO [0m:      	         (13, 1.1945134233025942),
[92mINFO [0m:      	         (14, 1.1874534845352174),
[92mINFO [0m:      	         (15, 1.180439580188078),
[92mINFO [0m:      	         (16, 1.173425884807811),
[92mINFO [0m:      	         (17, 1.1665448644581964),
[92mINFO [0m:      	         (18, 1.1597074838245616),
[92mINFO [0m:      	         (19, 1.1528988613801845),
[92mINFO [0m:      	         (20, 1.146157175653121),
[92mINFO [0m:      	         (21, 1.139477429670446),
[92mINFO [0m:      	         (22, 1.1328362612163319),
[92mINFO [0m:      	         (23, 1.1262327376533956),
[92mINFO [0m:      	         (24, 1.1196582822238699),
[92mINFO [0m:      	         (25, 1.1131418992491329)],
[92mINFO [0m:      	 'num_examples': [(1, 680.0),
[92mINFO [0m:      	                  (2, 680.0),
[92mINFO [0m:      	                  (3, 680.0),
[92mINFO [0m:      	                  (4, 680.0),
[92mINFO [0m:      	                  (5, 680.0),
[92mINFO [0m:      	                  (6, 680.0),
[92mINFO [0m:      	                  (7, 680.0),
[92mINFO [0m:      	                  (8, 680.0),
[92mINFO [0m:      	                  (9, 680.0),
[92mINFO [0m:      	                  (10, 680.0),
[92mINFO [0m:      	                  (11, 680.0),
[92mINFO [0m:      	                  (12, 680.0),
[92mINFO [0m:      	                  (13, 680.0),
[92mINFO [0m:      	                  (14, 680.0),
[92mINFO [0m:      	                  (15, 680.0),
[92mINFO [0m:      	                  (16, 680.0),
[92mINFO [0m:      	                  (17, 680.0),
[92mINFO [0m:      	                  (18, 680.0),
[92mINFO [0m:      	                  (19, 680.0),
[92mINFO [0m:      	                  (20, 680.0),
[92mINFO [0m:      	                  (21, 680.0),
[92mINFO [0m:      	                  (22, 680.0),
[92mINFO [0m:      	                  (23, 680.0),
[92mINFO [0m:      	                  (24, 680.0),
[92mINFO [0m:      	                  (25, 680.0)]}
[92mINFO [0m:      
