[93mWARNING [0m:   DEPRECATED FEATURE: flwr.server.start_server() is deprecated.
	Instead, use the `flower-superlink` CLI command to start a SuperLink as shown below:

		$ flower-superlink --insecure

	To view usage and all available options, run:

		$ flower-superlink --help

	Using `start_server()` is deprecated.

            This is a deprecated feature. It will be removed
            entirely in future versions of Flower.
        
[92mINFO [0m:      Starting Flower server, config: num_rounds=25, no round_timeout
[92mINFO [0m:      Flower ECE: gRPC server running (25 rounds), SSL is disabled
[92mINFO [0m:      [INIT]
[92mINFO [0m:      Using initial global parameters provided by strategy
[92mINFO [0m:      Starting evaluation of initial global parameters
[92mINFO [0m:      Evaluation returned no results (`None`)
[92mINFO [0m:      
[92mINFO [0m:      [ROUND 1]
[92mINFO [0m:      configure_fit: strategy sampled 2 clients (out of 2)
[92mINFO [0m:      aggregate_fit: received 2 results and 0 failures
[92mINFO [0m:      configure_evaluate: strategy sampled 2 clients (out of 2)
[92mINFO [0m:      aggregate_evaluate: received 2 results and 0 failures
[92mINFO [0m:      
[92mINFO [0m:      [ROUND 2]
[92mINFO [0m:      configure_fit: strategy sampled 2 clients (out of 2)
[92mINFO [0m:      aggregate_fit: received 2 results and 0 failures
[92mINFO [0m:      configure_evaluate: strategy sampled 2 clients (out of 2)
[92mINFO [0m:      aggregate_evaluate: received 2 results and 0 failures
[92mINFO [0m:      
[92mINFO [0m:      [ROUND 3]
[92mINFO [0m:      configure_fit: strategy sampled 2 clients (out of 2)
[92mINFO [0m:      aggregate_fit: received 2 results and 0 failures
[92mINFO [0m:      configure_evaluate: strategy sampled 2 clients (out of 2)
[92mINFO [0m:      aggregate_evaluate: received 2 results and 0 failures
[92mINFO [0m:      
[92mINFO [0m:      [ROUND 4]
[92mINFO [0m:      configure_fit: strategy sampled 2 clients (out of 2)
[92mINFO [0m:      aggregate_fit: received 2 results and 0 failures
[92mINFO [0m:      configure_evaluate: strategy sampled 2 clients (out of 2)
[92mINFO [0m:      aggregate_evaluate: received 2 results and 0 failures
[92mINFO [0m:      
[92mINFO [0m:      [ROUND 5]
[92mINFO [0m:      configure_fit: strategy sampled 2 clients (out of 2)
[92mINFO [0m:      aggregate_fit: received 2 results and 0 failures
[92mINFO [0m:      configure_evaluate: strategy sampled 2 clients (out of 2)
[92mINFO [0m:      aggregate_evaluate: received 2 results and 0 failures
[92mINFO [0m:      
[92mINFO [0m:      [ROUND 6]
[92mINFO [0m:      configure_fit: strategy sampled 2 clients (out of 2)
[92mINFO [0m:      aggregate_fit: received 2 results and 0 failures
[92mINFO [0m:      configure_evaluate: strategy sampled 2 clients (out of 2)
[92mINFO [0m:      aggregate_evaluate: received 2 results and 0 failures
[92mINFO [0m:      
[92mINFO [0m:      [ROUND 7]
[92mINFO [0m:      configure_fit: strategy sampled 2 clients (out of 2)
[92mINFO [0m:      aggregate_fit: received 2 results and 0 failures
[92mINFO [0m:      configure_evaluate: strategy sampled 2 clients (out of 2)
[92mINFO [0m:      aggregate_evaluate: received 2 results and 0 failures
[92mINFO [0m:      
[92mINFO [0m:      [ROUND 8]
[92mINFO [0m:      configure_fit: strategy sampled 2 clients (out of 2)
[92mINFO [0m:      aggregate_fit: received 2 results and 0 failures
[92mINFO [0m:      configure_evaluate: strategy sampled 2 clients (out of 2)
[92mINFO [0m:      aggregate_evaluate: received 2 results and 0 failures
[92mINFO [0m:      
[92mINFO [0m:      [ROUND 9]
[92mINFO [0m:      configure_fit: strategy sampled 2 clients (out of 2)
[92mINFO [0m:      aggregate_fit: received 2 results and 0 failures
[92mINFO [0m:      configure_evaluate: strategy sampled 2 clients (out of 2)
[92mINFO [0m:      aggregate_evaluate: received 2 results and 0 failures
[92mINFO [0m:      
[92mINFO [0m:      [ROUND 10]
[92mINFO [0m:      configure_fit: strategy sampled 2 clients (out of 2)
[92mINFO [0m:      aggregate_fit: received 2 results and 0 failures
[92mINFO [0m:      configure_evaluate: strategy sampled 2 clients (out of 2)
[92mINFO [0m:      aggregate_evaluate: received 2 results and 0 failures
[92mINFO [0m:      
[92mINFO [0m:      [ROUND 11]
[92mINFO [0m:      configure_fit: strategy sampled 2 clients (out of 2)
[92mINFO [0m:      aggregate_fit: received 2 results and 0 failures
[92mINFO [0m:      configure_evaluate: strategy sampled 2 clients (out of 2)
[92mINFO [0m:      aggregate_evaluate: received 2 results and 0 failures
[92mINFO [0m:      
[92mINFO [0m:      [ROUND 12]
[92mINFO [0m:      configure_fit: strategy sampled 2 clients (out of 2)
[92mINFO [0m:      aggregate_fit: received 2 results and 0 failures
[92mINFO [0m:      configure_evaluate: strategy sampled 2 clients (out of 2)
[92mINFO [0m:      aggregate_evaluate: received 2 results and 0 failures
[92mINFO [0m:      
[92mINFO [0m:      [ROUND 13]
[92mINFO [0m:      configure_fit: strategy sampled 2 clients (out of 2)
[92mINFO [0m:      aggregate_fit: received 2 results and 0 failures
[92mINFO [0m:      configure_evaluate: strategy sampled 2 clients (out of 2)
[92mINFO [0m:      aggregate_evaluate: received 2 results and 0 failures
[92mINFO [0m:      
[92mINFO [0m:      [ROUND 14]
[92mINFO [0m:      configure_fit: strategy sampled 2 clients (out of 2)
[92mINFO [0m:      aggregate_fit: received 2 results and 0 failures
[92mINFO [0m:      configure_evaluate: strategy sampled 2 clients (out of 2)
[92mINFO [0m:      aggregate_evaluate: received 2 results and 0 failures
[92mINFO [0m:      
[92mINFO [0m:      [ROUND 15]
[92mINFO [0m:      configure_fit: strategy sampled 2 clients (out of 2)
[92mINFO [0m:      aggregate_fit: received 2 results and 0 failures
[92mINFO [0m:      configure_evaluate: strategy sampled 2 clients (out of 2)
[92mINFO [0m:      aggregate_evaluate: received 2 results and 0 failures
[92mINFO [0m:      
[92mINFO [0m:      [ROUND 16]
[92mINFO [0m:      configure_fit: strategy sampled 2 clients (out of 2)
[92mINFO [0m:      aggregate_fit: received 2 results and 0 failures
[92mINFO [0m:      configure_evaluate: strategy sampled 2 clients (out of 2)
[92mINFO [0m:      aggregate_evaluate: received 2 results and 0 failures
[92mINFO [0m:      
[92mINFO [0m:      [ROUND 17]
[92mINFO [0m:      configure_fit: strategy sampled 2 clients (out of 2)
[92mINFO [0m:      aggregate_fit: received 2 results and 0 failures
[92mINFO [0m:      configure_evaluate: strategy sampled 2 clients (out of 2)
[92mINFO [0m:      aggregate_evaluate: received 2 results and 0 failures
[92mINFO [0m:      
[92mINFO [0m:      [ROUND 18]
[92mINFO [0m:      configure_fit: strategy sampled 2 clients (out of 2)
[92mINFO [0m:      aggregate_fit: received 2 results and 0 failures
[92mINFO [0m:      configure_evaluate: strategy sampled 2 clients (out of 2)
[92mINFO [0m:      aggregate_evaluate: received 2 results and 0 failures
[92mINFO [0m:      
[92mINFO [0m:      [ROUND 19]
[92mINFO [0m:      configure_fit: strategy sampled 2 clients (out of 2)
[92mINFO [0m:      aggregate_fit: received 2 results and 0 failures
[92mINFO [0m:      configure_evaluate: strategy sampled 2 clients (out of 2)
[92mINFO [0m:      aggregate_evaluate: received 2 results and 0 failures
[92mINFO [0m:      
[92mINFO [0m:      [ROUND 20]
[92mINFO [0m:      configure_fit: strategy sampled 2 clients (out of 2)
[92mINFO [0m:      aggregate_fit: received 2 results and 0 failures
[92mINFO [0m:      configure_evaluate: strategy sampled 2 clients (out of 2)
[92mINFO [0m:      aggregate_evaluate: received 2 results and 0 failures
[92mINFO [0m:      
[92mINFO [0m:      [ROUND 21]
[92mINFO [0m:      configure_fit: strategy sampled 2 clients (out of 2)
[92mINFO [0m:      aggregate_fit: received 2 results and 0 failures
[92mINFO [0m:      configure_evaluate: strategy sampled 2 clients (out of 2)
[92mINFO [0m:      aggregate_evaluate: received 2 results and 0 failures
[92mINFO [0m:      
[92mINFO [0m:      [ROUND 22]
[92mINFO [0m:      configure_fit: strategy sampled 2 clients (out of 2)
[92mINFO [0m:      aggregate_fit: received 2 results and 0 failures
[92mINFO [0m:      configure_evaluate: strategy sampled 2 clients (out of 2)
[92mINFO [0m:      aggregate_evaluate: received 2 results and 0 failures
[92mINFO [0m:      
[92mINFO [0m:      [ROUND 23]
[92mINFO [0m:      configure_fit: strategy sampled 2 clients (out of 2)
[92mINFO [0m:      aggregate_fit: received 2 results and 0 failures
[92mINFO [0m:      configure_evaluate: strategy sampled 2 clients (out of 2)
[92mINFO [0m:      aggregate_evaluate: received 2 results and 0 failures
[92mINFO [0m:      
[92mINFO [0m:      [ROUND 24]
[92mINFO [0m:      configure_fit: strategy sampled 2 clients (out of 2)
[92mINFO [0m:      aggregate_fit: received 2 results and 0 failures
[92mINFO [0m:      configure_evaluate: strategy sampled 2 clients (out of 2)
[92mINFO [0m:      aggregate_evaluate: received 2 results and 0 failures
[92mINFO [0m:      
[92mINFO [0m:      [ROUND 25]
[92mINFO [0m:      configure_fit: strategy sampled 2 clients (out of 2)
[92mINFO [0m:      aggregate_fit: received 2 results and 0 failures
[92mINFO [0m:      configure_evaluate: strategy sampled 2 clients (out of 2)
[92mINFO [0m:      aggregate_evaluate: received 2 results and 0 failures
[92mINFO [0m:      
[92mINFO [0m:      [SUMMARY]
[92mINFO [0m:      Run finished 25 round(s) in 4517.58s
[92mINFO [0m:      	History (loss, distributed):
[92mINFO [0m:      		round 1: 0.6465855240821838
[92mINFO [0m:      		round 2: 0.4642554521560669
[92mINFO [0m:      		round 3: 0.3091588765382767
[92mINFO [0m:      		round 4: 0.20358984172344208
[92mINFO [0m:      		round 5: 0.12782671675086021
[92mINFO [0m:      		round 6: 0.09010383859276772
[92mINFO [0m:      		round 7: 0.05938950181007385
[92mINFO [0m:      		round 8: 0.03589812759310007
[92mINFO [0m:      		round 9: 0.03139752056449652
[92mINFO [0m:      		round 10: 0.028646890306845307
[92mINFO [0m:      		round 11: 0.039546536514535546
[92mINFO [0m:      		round 12: 0.02720167418010533
[92mINFO [0m:      		round 13: 0.03651135182008147
[92mINFO [0m:      		round 14: 0.026674068067222834
[92mINFO [0m:      		round 15: 0.033567413222044706
[92mINFO [0m:      		round 16: 0.04886726941913366
[92mINFO [0m:      		round 17: 0.04307880997657776
[92mINFO [0m:      		round 18: 0.032358383759856224
[92mINFO [0m:      		round 19: 0.035919319838285446
[92mINFO [0m:      		round 20: 0.030337694217450917
[92mINFO [0m:      		round 21: 0.034824229311197996
[92mINFO [0m:      		round 22: 0.059635741636157036
[92mINFO [0m:      		round 23: 0.03853828151477501
[92mINFO [0m:      		round 24: 0.04895726591348648
[92mINFO [0m:      		round 25: 0.04647610988467932
[92mINFO [0m:      	History (metrics, distributed, fit):
[92mINFO [0m:      	{'align_enabled': [(1, 1.0),
[92mINFO [0m:      	                   (2, 1.0),
[92mINFO [0m:      	                   (3, 1.0),
[92mINFO [0m:      	                   (4, 1.0),
[92mINFO [0m:      	                   (5, 1.0),
[92mINFO [0m:      	                   (6, 1.0),
[92mINFO [0m:      	                   (7, 1.0),
[92mINFO [0m:      	                   (8, 1.0),
[92mINFO [0m:      	                   (9, 1.0),
[92mINFO [0m:      	                   (10, 1.0),
[92mINFO [0m:      	                   (11, 1.0),
[92mINFO [0m:      	                   (12, 1.0),
[92mINFO [0m:      	                   (13, 1.0),
[92mINFO [0m:      	                   (14, 1.0),
[92mINFO [0m:      	                   (15, 1.0),
[92mINFO [0m:      	                   (16, 1.0),
[92mINFO [0m:      	                   (17, 1.0),
[92mINFO [0m:      	                   (18, 1.0),
[92mINFO [0m:      	                   (19, 1.0),
[92mINFO [0m:      	                   (20, 1.0),
[92mINFO [0m:      	                   (21, 1.0),
[92mINFO [0m:      	                   (22, 1.0),
[92mINFO [0m:      	                   (23, 1.0),
[92mINFO [0m:      	                   (24, 1.0),
[92mINFO [0m:      	                   (25, 1.0)],
[92mINFO [0m:      	 'device_residual_norm': [(2, 20.061461448669434),
[92mINFO [0m:      	                          (3, 22.408422470092773),
[92mINFO [0m:      	                          (4, 23.9773588180542),
[92mINFO [0m:      	                          (5, 24.99202823638916),
[92mINFO [0m:      	                          (6, 26.17319393157959),
[92mINFO [0m:      	                          (7, 27.30206298828125),
[92mINFO [0m:      	                          (8, 28.636412620544434),
[92mINFO [0m:      	                          (9, 29.835655212402344),
[92mINFO [0m:      	                          (10, 30.304558753967285),
[92mINFO [0m:      	                          (11, 31.677568435668945),
[92mINFO [0m:      	                          (12, 32.158552169799805),
[92mINFO [0m:      	                          (13, 31.85310173034668),
[92mINFO [0m:      	                          (14, 33.73724174499512),
[92mINFO [0m:      	                          (15, 33.67207145690918),
[92mINFO [0m:      	                          (16, 35.484004974365234),
[92mINFO [0m:      	                          (17, 35.94956016540527),
[92mINFO [0m:      	                          (18, 37.492435455322266),
[92mINFO [0m:      	                          (19, 37.186676025390625),
[92mINFO [0m:      	                          (20, 38.042232513427734),
[92mINFO [0m:      	                          (21, 39.18080520629883),
[92mINFO [0m:      	                          (22, 40.064937591552734),
[92mINFO [0m:      	                          (23, 41.44065856933594),
[92mINFO [0m:      	                          (24, 43.052263259887695),
[92mINFO [0m:      	                          (25, 43.49423789978027)],
[92mINFO [0m:      	 'feature_mean': [(1, -0.00022573198657482862),
[92mINFO [0m:      	                  (2, -0.001929099322296679),
[92mINFO [0m:      	                  (3, -0.003655634354799986),
[92mINFO [0m:      	                  (4, -0.004002060508355498),
[92mINFO [0m:      	                  (5, -0.004292765515856445),
[92mINFO [0m:      	                  (6, -0.005484059220179915),
[92mINFO [0m:      	                  (7, -0.004790483391843736),
[92mINFO [0m:      	                  (8, -0.005842150771059096),
[92mINFO [0m:      	                  (9, -0.006340624298900366),
[92mINFO [0m:      	                  (10, -0.007880246732383966),
[92mINFO [0m:      	                  (11, -0.007639514748007059),
[92mINFO [0m:      	                  (12, -0.007986552780494094),
[92mINFO [0m:      	                  (13, -0.008697090903297067),
[92mINFO [0m:      	                  (14, -0.009244945365935564),
[92mINFO [0m:      	                  (15, -0.009105741512030363),
[92mINFO [0m:      	                  (16, -0.009961770148947835),
[92mINFO [0m:      	                  (17, -0.010759685654193163),
[92mINFO [0m:      	                  (18, -0.010855922941118479),
[92mINFO [0m:      	                  (19, -0.011287027038633823),
[92mINFO [0m:      	                  (20, -0.010233654174953699),
[92mINFO [0m:      	                  (21, -0.011121207848191261),
[92mINFO [0m:      	                  (22, -0.011204838752746582),
[92mINFO [0m:      	                  (23, -0.011693089734762907),
[92mINFO [0m:      	                  (24, -0.011798576917499304),
[92mINFO [0m:      	                  (25, -0.011782227084040642)],
[92mINFO [0m:      	 'feature_norm': [(1, 0.4622892737388611),
[92mINFO [0m:      	                  (2, 0.28430645167827606),
[92mINFO [0m:      	                  (3, 0.23498717695474625),
[92mINFO [0m:      	                  (4, 0.20016076415777206),
[92mINFO [0m:      	                  (5, 0.19088942557573318),
[92mINFO [0m:      	                  (6, 0.21363365650177002),
[92mINFO [0m:      	                  (7, 0.2197336032986641),
[92mINFO [0m:      	                  (8, 0.2427729070186615),
[92mINFO [0m:      	                  (9, 0.26905670017004013),
[92mINFO [0m:      	                  (10, 0.30009497702121735),
[92mINFO [0m:      	                  (11, 0.32069163024425507),
[92mINFO [0m:      	                  (12, 0.32881003618240356),
[92mINFO [0m:      	                  (13, 0.35066233575344086),
[92mINFO [0m:      	                  (14, 0.3549499660730362),
[92mINFO [0m:      	                  (15, 0.35923193395137787),
[92mINFO [0m:      	                  (16, 0.3689110726118088),
[92mINFO [0m:      	                  (17, 0.37772850692272186),
[92mINFO [0m:      	                  (18, 0.3768424540758133),
[92mINFO [0m:      	                  (19, 0.3869265168905258),
[92mINFO [0m:      	                  (20, 0.3744884133338928),
[92mINFO [0m:      	                  (21, 0.3804783672094345),
[92mINFO [0m:      	                  (22, 0.39156708121299744),
[92mINFO [0m:      	                  (23, 0.3984324187040329),
[92mINFO [0m:      	                  (24, 0.4013770818710327),
[92mINFO [0m:      	                  (25, 0.40391694009304047)],
[92mINFO [0m:      	 'feature_std': [(1, 0.057785091921687126),
[92mINFO [0m:      	                 (2, 0.03548518940806389),
[92mINFO [0m:      	                 (3, 0.029141338542103767),
[92mINFO [0m:      	                 (4, 0.02469793241471052),
[92mINFO [0m:      	                 (5, 0.02347173821181059),
[92mINFO [0m:      	                 (6, 0.02613164111971855),
[92mINFO [0m:      	                 (7, 0.027034664526581764),
[92mINFO [0m:      	                 (8, 0.029751485213637352),
[92mINFO [0m:      	                 (9, 0.03300568554550409),
[92mINFO [0m:      	                 (10, 0.03666890598833561),
[92mINFO [0m:      	                 (11, 0.039310090243816376),
[92mINFO [0m:      	                 (12, 0.040279701352119446),
[92mINFO [0m:      	                 (13, 0.04290240444242954),
[92mINFO [0m:      	                 (14, 0.043362101539969444),
[92mINFO [0m:      	                 (15, 0.04396372102200985),
[92mINFO [0m:      	                 (16, 0.04501437768340111),
[92mINFO [0m:      	                 (17, 0.0459674634039402),
[92mINFO [0m:      	                 (18, 0.04582752101123333),
[92mINFO [0m:      	                 (19, 0.047018660232424736),
[92mINFO [0m:      	                 (20, 0.04567671939730644),
[92mINFO [0m:      	                 (21, 0.04623599350452423),
[92mINFO [0m:      	                 (22, 0.047645727172493935),
[92mINFO [0m:      	                 (23, 0.04839581064879894),
[92mINFO [0m:      	                 (24, 0.04875551164150238),
[92mINFO [0m:      	                 (25, 0.049090201035141945)],
[92mINFO [0m:      	 'fedprox_mu': [(1, 0.0),
[92mINFO [0m:      	                (2, 0.0),
[92mINFO [0m:      	                (3, 0.0),
[92mINFO [0m:      	                (4, 0.0),
[92mINFO [0m:      	                (5, 0.0),
[92mINFO [0m:      	                (6, 0.0),
[92mINFO [0m:      	                (7, 0.0),
[92mINFO [0m:      	                (8, 0.0),
[92mINFO [0m:      	                (9, 0.0),
[92mINFO [0m:      	                (10, 0.0),
[92mINFO [0m:      	                (11, 0.0),
[92mINFO [0m:      	                (12, 0.0),
[92mINFO [0m:      	                (13, 0.0),
[92mINFO [0m:      	                (14, 0.0),
[92mINFO [0m:      	                (15, 0.0),
[92mINFO [0m:      	                (16, 0.0),
[92mINFO [0m:      	                (17, 0.0),
[92mINFO [0m:      	                (18, 0.0),
[92mINFO [0m:      	                (19, 0.0),
[92mINFO [0m:      	                (20, 0.0),
[92mINFO [0m:      	                (21, 0.0),
[92mINFO [0m:      	                (22, 0.0),
[92mINFO [0m:      	                (23, 0.0),
[92mINFO [0m:      	                (24, 0.0),
[92mINFO [0m:      	                (25, 0.0)],
[92mINFO [0m:      	 'fedprox_penalty_mean': [(1, 0.0),
[92mINFO [0m:      	                          (2, 0.0),
[92mINFO [0m:      	                          (3, 0.0),
[92mINFO [0m:      	                          (4, 0.0),
[92mINFO [0m:      	                          (5, 0.0),
[92mINFO [0m:      	                          (6, 0.0),
[92mINFO [0m:      	                          (7, 0.0),
[92mINFO [0m:      	                          (8, 0.0),
[92mINFO [0m:      	                          (9, 0.0),
[92mINFO [0m:      	                          (10, 0.0),
[92mINFO [0m:      	                          (11, 0.0),
[92mINFO [0m:      	                          (12, 0.0),
[92mINFO [0m:      	                          (13, 0.0),
[92mINFO [0m:      	                          (14, 0.0),
[92mINFO [0m:      	                          (15, 0.0),
[92mINFO [0m:      	                          (16, 0.0),
[92mINFO [0m:      	                          (17, 0.0),
[92mINFO [0m:      	                          (18, 0.0),
[92mINFO [0m:      	                          (19, 0.0),
[92mINFO [0m:      	                          (20, 0.0),
[92mINFO [0m:      	                          (21, 0.0),
[92mINFO [0m:      	                          (22, 0.0),
[92mINFO [0m:      	                          (23, 0.0),
[92mINFO [0m:      	                          (24, 0.0),
[92mINFO [0m:      	                          (25, 0.0)],
[92mINFO [0m:      	 'fit_seconds': [(1, 13.900198956980603),
[92mINFO [0m:      	                 (2, 15.210157230554614),
[92mINFO [0m:      	                 (3, 15.703036714461632),
[92mINFO [0m:      	                 (4, 15.92586006494821),
[92mINFO [0m:      	                 (5, 15.41637127357535),
[92mINFO [0m:      	                 (6, 15.287742073007394),
[92mINFO [0m:      	                 (7, 15.397124866547529),
[92mINFO [0m:      	                 (8, 15.810088225494837),
[92mINFO [0m:      	                 (9, 15.793704635492759),
[92mINFO [0m:      	                 (10, 15.740518525068182),
[92mINFO [0m:      	                 (11, 15.714561616419815),
[92mINFO [0m:      	                 (12, 15.38178983493708),
[92mINFO [0m:      	                 (13, 15.371260559011716),
[92mINFO [0m:      	                 (14, 15.9268220429949),
[92mINFO [0m:      	                 (15, 15.289018340496114),
[92mINFO [0m:      	                 (16, 15.315028008422814),
[92mINFO [0m:      	                 (17, 15.868742356542498),
[92mINFO [0m:      	                 (18, 15.295563582098112),
[92mINFO [0m:      	                 (19, 16.073129140015226),
[92mINFO [0m:      	                 (20, 15.96536615898367),
[92mINFO [0m:      	                 (21, 16.02862944791559),
[92mINFO [0m:      	                 (22, 15.992191469995305),
[92mINFO [0m:      	                 (23, 16.08296904360759),
[92mINFO [0m:      	                 (24, 15.349943661945872),
[92mINFO [0m:      	                 (25, 15.954616096481914)],
[92mINFO [0m:      	 'has_prev_model': [(1, 0.0),
[92mINFO [0m:      	                    (2, 1.0),
[92mINFO [0m:      	                    (3, 1.0),
[92mINFO [0m:      	                    (4, 1.0),
[92mINFO [0m:      	                    (5, 1.0),
[92mINFO [0m:      	                    (6, 1.0),
[92mINFO [0m:      	                    (7, 1.0),
[92mINFO [0m:      	                    (8, 1.0),
[92mINFO [0m:      	                    (9, 1.0),
[92mINFO [0m:      	                    (10, 1.0),
[92mINFO [0m:      	                    (11, 1.0),
[92mINFO [0m:      	                    (12, 1.0),
[92mINFO [0m:      	                    (13, 1.0),
[92mINFO [0m:      	                    (14, 1.0),
[92mINFO [0m:      	                    (15, 1.0),
[92mINFO [0m:      	                    (16, 1.0),
[92mINFO [0m:      	                    (17, 1.0),
[92mINFO [0m:      	                    (18, 1.0),
[92mINFO [0m:      	                    (19, 1.0),
[92mINFO [0m:      	                    (20, 1.0),
[92mINFO [0m:      	                    (21, 1.0),
[92mINFO [0m:      	                    (22, 1.0),
[92mINFO [0m:      	                    (23, 1.0),
[92mINFO [0m:      	                    (24, 1.0),
[92mINFO [0m:      	                    (25, 1.0)],
[92mINFO [0m:      	 'local_epochs': [(1, 1.0),
[92mINFO [0m:      	                  (2, 1.0),
[92mINFO [0m:      	                  (3, 1.0),
[92mINFO [0m:      	                  (4, 1.0),
[92mINFO [0m:      	                  (5, 1.0),
[92mINFO [0m:      	                  (6, 1.0),
[92mINFO [0m:      	                  (7, 1.0),
[92mINFO [0m:      	                  (8, 1.0),
[92mINFO [0m:      	                  (9, 1.0),
[92mINFO [0m:      	                  (10, 1.0),
[92mINFO [0m:      	                  (11, 1.0),
[92mINFO [0m:      	                  (12, 1.0),
[92mINFO [0m:      	                  (13, 1.0),
[92mINFO [0m:      	                  (14, 1.0),
[92mINFO [0m:      	                  (15, 1.0),
[92mINFO [0m:      	                  (16, 1.0),
[92mINFO [0m:      	                  (17, 1.0),
[92mINFO [0m:      	                  (18, 1.0),
[92mINFO [0m:      	                  (19, 1.0),
[92mINFO [0m:      	                  (20, 1.0),
[92mINFO [0m:      	                  (21, 1.0),
[92mINFO [0m:      	                  (22, 1.0),
[92mINFO [0m:      	                  (23, 1.0),
[92mINFO [0m:      	                  (24, 1.0),
[92mINFO [0m:      	                  (25, 1.0)],
[92mINFO [0m:      	 'num_examples': [(1, 2360.0),
[92mINFO [0m:      	                  (2, 2360.0),
[92mINFO [0m:      	                  (3, 2360.0),
[92mINFO [0m:      	                  (4, 2360.0),
[92mINFO [0m:      	                  (5, 2360.0),
[92mINFO [0m:      	                  (6, 2360.0),
[92mINFO [0m:      	                  (7, 2360.0),
[92mINFO [0m:      	                  (8, 2360.0),
[92mINFO [0m:      	                  (9, 2360.0),
[92mINFO [0m:      	                  (10, 2360.0),
[92mINFO [0m:      	                  (11, 2360.0),
[92mINFO [0m:      	                  (12, 2360.0),
[92mINFO [0m:      	                  (13, 2360.0),
[92mINFO [0m:      	                  (14, 2360.0),
[92mINFO [0m:      	                  (15, 2360.0),
[92mINFO [0m:      	                  (16, 2360.0),
[92mINFO [0m:      	                  (17, 2360.0),
[92mINFO [0m:      	                  (18, 2360.0),
[92mINFO [0m:      	                  (19, 2360.0),
[92mINFO [0m:      	                  (20, 2360.0),
[92mINFO [0m:      	                  (21, 2360.0),
[92mINFO [0m:      	                  (22, 2360.0),
[92mINFO [0m:      	                  (23, 2360.0),
[92mINFO [0m:      	                  (24, 2360.0),
[92mINFO [0m:      	                  (25, 2360.0)],
[92mINFO [0m:      	 'proto_decoupling_enabled': [(1, 1.0),
[92mINFO [0m:      	                              (2, 1.0),
[92mINFO [0m:      	                              (3, 1.0),
[92mINFO [0m:      	                              (4, 1.0),
[92mINFO [0m:      	                              (5, 1.0),
[92mINFO [0m:      	                              (6, 1.0),
[92mINFO [0m:      	                              (7, 1.0),
[92mINFO [0m:      	                              (8, 1.0),
[92mINFO [0m:      	                              (9, 1.0),
[92mINFO [0m:      	                              (10, 1.0),
[92mINFO [0m:      	                              (11, 1.0),
[92mINFO [0m:      	                              (12, 1.0),
[92mINFO [0m:      	                              (13, 1.0),
[92mINFO [0m:      	                              (14, 1.0),
[92mINFO [0m:      	                              (15, 1.0),
[92mINFO [0m:      	                              (16, 1.0),
[92mINFO [0m:      	                              (17, 1.0),
[92mINFO [0m:      	                              (18, 1.0),
[92mINFO [0m:      	                              (19, 1.0),
[92mINFO [0m:      	                              (20, 1.0),
[92mINFO [0m:      	                              (21, 1.0),
[92mINFO [0m:      	                              (22, 1.0),
[92mINFO [0m:      	                              (23, 1.0),
[92mINFO [0m:      	                              (24, 1.0),
[92mINFO [0m:      	                              (25, 1.0)],
[92mINFO [0m:      	 'proto_examples': [(1, 2360.0),
[92mINFO [0m:      	                    (2, 2360.0),
[92mINFO [0m:      	                    (3, 2360.0),
[92mINFO [0m:      	                    (4, 2360.0),
[92mINFO [0m:      	                    (5, 2360.0),
[92mINFO [0m:      	                    (6, 2360.0),
[92mINFO [0m:      	                    (7, 2360.0),
[92mINFO [0m:      	                    (8, 2360.0),
[92mINFO [0m:      	                    (9, 2360.0),
[92mINFO [0m:      	                    (10, 2360.0),
[92mINFO [0m:      	                    (11, 2360.0),
[92mINFO [0m:      	                    (12, 2360.0),
[92mINFO [0m:      	                    (13, 2360.0),
[92mINFO [0m:      	                    (14, 2360.0),
[92mINFO [0m:      	                    (15, 2360.0),
[92mINFO [0m:      	                    (16, 2360.0),
[92mINFO [0m:      	                    (17, 2360.0),
[92mINFO [0m:      	                    (18, 2360.0),
[92mINFO [0m:      	                    (19, 2360.0),
[92mINFO [0m:      	                    (20, 2360.0),
[92mINFO [0m:      	                    (21, 2360.0),
[92mINFO [0m:      	                    (22, 2360.0),
[92mINFO [0m:      	                    (23, 2360.0),
[92mINFO [0m:      	                    (24, 2360.0),
[92mINFO [0m:      	                    (25, 2360.0)],
[92mINFO [0m:      	 'proto_stats_uploaded': [(1, 1.0),
[92mINFO [0m:      	                          (2, 1.0),
[92mINFO [0m:      	                          (3, 1.0),
[92mINFO [0m:      	                          (4, 1.0),
[92mINFO [0m:      	                          (5, 1.0),
[92mINFO [0m:      	                          (6, 1.0),
[92mINFO [0m:      	                          (7, 1.0),
[92mINFO [0m:      	                          (8, 1.0),
[92mINFO [0m:      	                          (9, 1.0),
[92mINFO [0m:      	                          (10, 1.0),
[92mINFO [0m:      	                          (11, 1.0),
[92mINFO [0m:      	                          (12, 1.0),
[92mINFO [0m:      	                          (13, 1.0),
[92mINFO [0m:      	                          (14, 1.0),
[92mINFO [0m:      	                          (15, 1.0),
[92mINFO [0m:      	                          (16, 1.0),
[92mINFO [0m:      	                          (17, 1.0),
[92mINFO [0m:      	                          (18, 1.0),
[92mINFO [0m:      	                          (19, 1.0),
[92mINFO [0m:      	                          (20, 1.0),
[92mINFO [0m:      	                          (21, 1.0),
[92mINFO [0m:      	                          (22, 1.0),
[92mINFO [0m:      	                          (23, 1.0),
[92mINFO [0m:      	                          (24, 1.0),
[92mINFO [0m:      	                          (25, 1.0)],
[92mINFO [0m:      	 'prototype_count': [(1, 8.0),
[92mINFO [0m:      	                     (2, 8.0),
[92mINFO [0m:      	                     (3, 8.0),
[92mINFO [0m:      	                     (4, 8.0),
[92mINFO [0m:      	                     (5, 8.0),
[92mINFO [0m:      	                     (6, 8.0),
[92mINFO [0m:      	                     (7, 8.0),
[92mINFO [0m:      	                     (8, 8.0),
[92mINFO [0m:      	                     (9, 8.0),
[92mINFO [0m:      	                     (10, 8.0),
[92mINFO [0m:      	                     (11, 8.0),
[92mINFO [0m:      	                     (12, 8.0),
[92mINFO [0m:      	                     (13, 8.0),
[92mINFO [0m:      	                     (14, 8.0),
[92mINFO [0m:      	                     (15, 8.0),
[92mINFO [0m:      	                     (16, 8.0),
[92mINFO [0m:      	                     (17, 8.0),
[92mINFO [0m:      	                     (18, 8.0),
[92mINFO [0m:      	                     (19, 8.0),
[92mINFO [0m:      	                     (20, 8.0),
[92mINFO [0m:      	                     (21, 8.0),
[92mINFO [0m:      	                     (22, 8.0),
[92mINFO [0m:      	                     (23, 8.0),
[92mINFO [0m:      	                     (24, 8.0),
[92mINFO [0m:      	                     (25, 8.0)],
[92mINFO [0m:      	 'prototype_var_count': [(1, 8.0),
[92mINFO [0m:      	                         (2, 8.0),
[92mINFO [0m:      	                         (3, 8.0),
[92mINFO [0m:      	                         (4, 8.0),
[92mINFO [0m:      	                         (5, 8.0),
[92mINFO [0m:      	                         (6, 8.0),
[92mINFO [0m:      	                         (7, 8.0),
[92mINFO [0m:      	                         (8, 8.0),
[92mINFO [0m:      	                         (9, 8.0),
[92mINFO [0m:      	                         (10, 8.0),
[92mINFO [0m:      	                         (11, 8.0),
[92mINFO [0m:      	                         (12, 8.0),
[92mINFO [0m:      	                         (13, 8.0),
[92mINFO [0m:      	                         (14, 8.0),
[92mINFO [0m:      	                         (15, 8.0),
[92mINFO [0m:      	                         (16, 8.0),
[92mINFO [0m:      	                         (17, 8.0),
[92mINFO [0m:      	                         (18, 8.0),
[92mINFO [0m:      	                         (19, 8.0),
[92mINFO [0m:      	                         (20, 8.0),
[92mINFO [0m:      	                         (21, 8.0),
[92mINFO [0m:      	                         (22, 8.0),
[92mINFO [0m:      	                         (23, 8.0),
[92mINFO [0m:      	                         (24, 8.0),
[92mINFO [0m:      	                         (25, 8.0)],
[92mINFO [0m:      	 'received_global_prototypes': [(1, 0.0),
[92mINFO [0m:      	                                (2, 16.0),
[92mINFO [0m:      	                                (3, 16.0),
[92mINFO [0m:      	                                (4, 16.0),
[92mINFO [0m:      	                                (5, 16.0),
[92mINFO [0m:      	                                (6, 16.0),
[92mINFO [0m:      	                                (7, 16.0),
[92mINFO [0m:      	                                (8, 16.0),
[92mINFO [0m:      	                                (9, 16.0),
[92mINFO [0m:      	                                (10, 16.0),
[92mINFO [0m:      	                                (11, 16.0),
[92mINFO [0m:      	                                (12, 16.0),
[92mINFO [0m:      	                                (13, 16.0),
[92mINFO [0m:      	                                (14, 16.0),
[92mINFO [0m:      	                                (15, 16.0),
[92mINFO [0m:      	                                (16, 16.0),
[92mINFO [0m:      	                                (17, 16.0),
[92mINFO [0m:      	                                (18, 16.0),
[92mINFO [0m:      	                                (19, 16.0),
[92mINFO [0m:      	                                (20, 16.0),
[92mINFO [0m:      	                                (21, 16.0),
[92mINFO [0m:      	                                (22, 16.0),
[92mINFO [0m:      	                                (23, 16.0),
[92mINFO [0m:      	                                (24, 16.0),
[92mINFO [0m:      	                                (25, 16.0)],
[92mINFO [0m:      	 'replay_distill_enabled': [(1, 1.0),
[92mINFO [0m:      	                            (2, 1.0),
[92mINFO [0m:      	                            (3, 1.0),
[92mINFO [0m:      	                            (4, 1.0),
[92mINFO [0m:      	                            (5, 1.0),
[92mINFO [0m:      	                            (6, 1.0),
[92mINFO [0m:      	                            (7, 1.0),
[92mINFO [0m:      	                            (8, 1.0),
[92mINFO [0m:      	                            (9, 1.0),
[92mINFO [0m:      	                            (10, 1.0),
[92mINFO [0m:      	                            (11, 1.0),
[92mINFO [0m:      	                            (12, 1.0),
[92mINFO [0m:      	                            (13, 1.0),
[92mINFO [0m:      	                            (14, 1.0),
[92mINFO [0m:      	                            (15, 1.0),
[92mINFO [0m:      	                            (16, 1.0),
[92mINFO [0m:      	                            (17, 1.0),
[92mINFO [0m:      	                            (18, 1.0),
[92mINFO [0m:      	                            (19, 1.0),
[92mINFO [0m:      	                            (20, 1.0),
[92mINFO [0m:      	                            (21, 1.0),
[92mINFO [0m:      	                            (22, 1.0),
[92mINFO [0m:      	                            (23, 1.0),
[92mINFO [0m:      	                            (24, 1.0),
[92mINFO [0m:      	                            (25, 1.0)],
[92mINFO [0m:      	 'seed': [(1, 42.0),
[92mINFO [0m:      	          (2, 42.0),
[92mINFO [0m:      	          (3, 42.0),
[92mINFO [0m:      	          (4, 42.0),
[92mINFO [0m:      	          (5, 42.0),
[92mINFO [0m:      	          (6, 42.0),
[92mINFO [0m:      	          (7, 42.0),
[92mINFO [0m:      	          (8, 42.0),
[92mINFO [0m:      	          (9, 42.0),
[92mINFO [0m:      	          (10, 42.0),
[92mINFO [0m:      	          (11, 42.0),
[92mINFO [0m:      	          (12, 42.0),
[92mINFO [0m:      	          (13, 42.0),
[92mINFO [0m:      	          (14, 42.0),
[92mINFO [0m:      	          (15, 42.0),
[92mINFO [0m:      	          (16, 42.0),
[92mINFO [0m:      	          (17, 42.0),
[92mINFO [0m:      	          (18, 42.0),
[92mINFO [0m:      	          (19, 42.0),
[92mINFO [0m:      	          (20, 42.0),
[92mINFO [0m:      	          (21, 42.0),
[92mINFO [0m:      	          (22, 42.0),
[92mINFO [0m:      	          (23, 42.0),
[92mINFO [0m:      	          (24, 42.0),
[92mINFO [0m:      	          (25, 42.0)],
[92mINFO [0m:      	 'train_accuracy': [(1, 0.7940677966101695),
[92mINFO [0m:      	                    (2, 0.9213983050847457),
[92mINFO [0m:      	                    (3, 0.9673728813559322),
[92mINFO [0m:      	                    (4, 0.9864406779661017),
[92mINFO [0m:      	                    (5, 0.9911016949152542),
[92mINFO [0m:      	                    (6, 0.988135593220339),
[92mINFO [0m:      	                    (7, 0.9934322033898305),
[92mINFO [0m:      	                    (8, 0.9930084745762712),
[92mINFO [0m:      	                    (9, 0.9932203389830508),
[92mINFO [0m:      	                    (10, 0.9915254237288136),
[92mINFO [0m:      	                    (11, 0.9932203389830508),
[92mINFO [0m:      	                    (12, 0.9913135593220339),
[92mINFO [0m:      	                    (13, 0.9921610169491526),
[92mINFO [0m:      	                    (14, 0.9951271186440678),
[92mINFO [0m:      	                    (15, 0.9917372881355933),
[92mINFO [0m:      	                    (16, 0.9927966101694915),
[92mINFO [0m:      	                    (17, 0.9942796610169492),
[92mINFO [0m:      	                    (18, 0.9951271186440678),
[92mINFO [0m:      	                    (19, 0.9942796610169492),
[92mINFO [0m:      	                    (20, 0.9957627118644068),
[92mINFO [0m:      	                    (21, 0.9966101694915255),
[92mINFO [0m:      	                    (22, 0.9955508474576271),
[92mINFO [0m:      	                    (23, 0.997457627118644),
[92mINFO [0m:      	                    (24, 0.9944915254237288),
[92mINFO [0m:      	                    (25, 0.9957627118644068)],
[92mINFO [0m:      	 'train_ce_mean': [(1, 1.0074925915669586),
[92mINFO [0m:      	                   (2, 0.5656136102595571),
[92mINFO [0m:      	                   (3, 0.37784292263499764),
[92mINFO [0m:      	                   (4, 0.22045314751439177),
[92mINFO [0m:      	                   (5, 0.12792287936150018),
[92mINFO [0m:      	                   (6, 0.10006796513068474),
[92mINFO [0m:      	                   (7, 0.051600233825334046),
[92mINFO [0m:      	                   (8, 0.043031083842960456),
[92mINFO [0m:      	                   (9, 0.03624158372818413),
[92mINFO [0m:      	                   (10, 0.042899913369220194),
[92mINFO [0m:      	                   (11, 0.03653126355671024),
[92mINFO [0m:      	                   (12, 0.04018741495970447),
[92mINFO [0m:      	                   (13, 0.04556456622509759),
[92mINFO [0m:      	                   (14, 0.02796964218003391),
[92mINFO [0m:      	                   (15, 0.049651677379289924),
[92mINFO [0m:      	                   (16, 0.0332430086457723),
[92mINFO [0m:      	                   (17, 0.03217756504121915),
[92mINFO [0m:      	                   (18, 0.025087961638188463),
[92mINFO [0m:      	                   (19, 0.030914935095519836),
[92mINFO [0m:      	                   (20, 0.0256862441044285),
[92mINFO [0m:      	                   (21, 0.01826139437251772),
[92mINFO [0m:      	                   (22, 0.02645458931683452),
[92mINFO [0m:      	                   (23, 0.01704231044672177),
[92mINFO [0m:      	                   (24, 0.034564771106312744),
[92mINFO [0m:      	                   (25, 0.027476534043572906)],
[92mINFO [0m:      	 'train_metric_examples': [(1, 2360.0),
[92mINFO [0m:      	                           (2, 2360.0),
[92mINFO [0m:      	                           (3, 2360.0),
[92mINFO [0m:      	                           (4, 2360.0),
[92mINFO [0m:      	                           (5, 2360.0),
[92mINFO [0m:      	                           (6, 2360.0),
[92mINFO [0m:      	                           (7, 2360.0),
[92mINFO [0m:      	                           (8, 2360.0),
[92mINFO [0m:      	                           (9, 2360.0),
[92mINFO [0m:      	                           (10, 2360.0),
[92mINFO [0m:      	                           (11, 2360.0),
[92mINFO [0m:      	                           (12, 2360.0),
[92mINFO [0m:      	                           (13, 2360.0),
[92mINFO [0m:      	                           (14, 2360.0),
[92mINFO [0m:      	                           (15, 2360.0),
[92mINFO [0m:      	                           (16, 2360.0),
[92mINFO [0m:      	                           (17, 2360.0),
[92mINFO [0m:      	                           (18, 2360.0),
[92mINFO [0m:      	                           (19, 2360.0),
[92mINFO [0m:      	                           (20, 2360.0),
[92mINFO [0m:      	                           (21, 2360.0),
[92mINFO [0m:      	                           (22, 2360.0),
[92mINFO [0m:      	                           (23, 2360.0),
[92mINFO [0m:      	                           (24, 2360.0),
[92mINFO [0m:      	                           (25, 2360.0)],
[92mINFO [0m:      	 'train_samples': [(1, 2360.0),
[92mINFO [0m:      	                   (2, 2360.0),
[92mINFO [0m:      	                   (3, 2360.0),
[92mINFO [0m:      	                   (4, 2360.0),
[92mINFO [0m:      	                   (5, 2360.0),
[92mINFO [0m:      	                   (6, 2360.0),
[92mINFO [0m:      	                   (7, 2360.0),
[92mINFO [0m:      	                   (8, 2360.0),
[92mINFO [0m:      	                   (9, 2360.0),
[92mINFO [0m:      	                   (10, 2360.0),
[92mINFO [0m:      	                   (11, 2360.0),
[92mINFO [0m:      	                   (12, 2360.0),
[92mINFO [0m:      	                   (13, 2360.0),
[92mINFO [0m:      	                   (14, 2360.0),
[92mINFO [0m:      	                   (15, 2360.0),
[92mINFO [0m:      	                   (16, 2360.0),
[92mINFO [0m:      	                   (17, 2360.0),
[92mINFO [0m:      	                   (18, 2360.0),
[92mINFO [0m:      	                   (19, 2360.0),
[92mINFO [0m:      	                   (20, 2360.0),
[92mINFO [0m:      	                   (21, 2360.0),
[92mINFO [0m:      	                   (22, 2360.0),
[92mINFO [0m:      	                   (23, 2360.0),
[92mINFO [0m:      	                   (24, 2360.0),
[92mINFO [0m:      	                   (25, 2360.0)],
[92mINFO [0m:      	 'use_align': [(1, 0.0),
[92mINFO [0m:      	               (2, 1.0),
[92mINFO [0m:      	               (3, 1.0),
[92mINFO [0m:      	               (4, 1.0),
[92mINFO [0m:      	               (5, 1.0),
[92mINFO [0m:      	               (6, 1.0),
[92mINFO [0m:      	               (7, 1.0),
[92mINFO [0m:      	               (8, 1.0),
[92mINFO [0m:      	               (9, 1.0),
[92mINFO [0m:      	               (10, 1.0),
[92mINFO [0m:      	               (11, 1.0),
[92mINFO [0m:      	               (12, 1.0),
[92mINFO [0m:      	               (13, 1.0),
[92mINFO [0m:      	               (14, 1.0),
[92mINFO [0m:      	               (15, 1.0),
[92mINFO [0m:      	               (16, 1.0),
[92mINFO [0m:      	               (17, 1.0),
[92mINFO [0m:      	               (18, 1.0),
[92mINFO [0m:      	               (19, 1.0),
[92mINFO [0m:      	               (20, 1.0),
[92mINFO [0m:      	               (21, 1.0),
[92mINFO [0m:      	               (22, 1.0),
[92mINFO [0m:      	               (23, 1.0),
[92mINFO [0m:      	               (24, 1.0),
[92mINFO [0m:      	               (25, 1.0)],
[92mINFO [0m:      	 'use_proto_decoupling': [(1, 0.0),
[92mINFO [0m:      	                          (2, 1.0),
[92mINFO [0m:      	                          (3, 1.0),
[92mINFO [0m:      	                          (4, 1.0),
[92mINFO [0m:      	                          (5, 1.0),
[92mINFO [0m:      	                          (6, 1.0),
[92mINFO [0m:      	                          (7, 1.0),
[92mINFO [0m:      	                          (8, 1.0),
[92mINFO [0m:      	                          (9, 1.0),
[92mINFO [0m:      	                          (10, 1.0),
[92mINFO [0m:      	                          (11, 1.0),
[92mINFO [0m:      	                          (12, 1.0),
[92mINFO [0m:      	                          (13, 1.0),
[92mINFO [0m:      	                          (14, 1.0),
[92mINFO [0m:      	                          (15, 1.0),
[92mINFO [0m:      	                          (16, 1.0),
[92mINFO [0m:      	                          (17, 1.0),
[92mINFO [0m:      	                          (18, 1.0),
[92mINFO [0m:      	                          (19, 1.0),
[92mINFO [0m:      	                          (20, 1.0),
[92mINFO [0m:      	                          (21, 1.0),
[92mINFO [0m:      	                          (22, 1.0),
[92mINFO [0m:      	                          (23, 1.0),
[92mINFO [0m:      	                          (24, 1.0),
[92mINFO [0m:      	                          (25, 1.0)],
[92mINFO [0m:      	 'use_replay_distill': [(1, 0.0),
[92mINFO [0m:      	                        (2, 1.0),
[92mINFO [0m:      	                        (3, 1.0),
[92mINFO [0m:      	                        (4, 1.0),
[92mINFO [0m:      	                        (5, 1.0),
[92mINFO [0m:      	                        (6, 1.0),
[92mINFO [0m:      	                        (7, 1.0),
[92mINFO [0m:      	                        (8, 1.0),
[92mINFO [0m:      	                        (9, 1.0),
[92mINFO [0m:      	                        (10, 1.0),
[92mINFO [0m:      	                        (11, 1.0),
[92mINFO [0m:      	                        (12, 1.0),
[92mINFO [0m:      	                        (13, 1.0),
[92mINFO [0m:      	                        (14, 1.0),
[92mINFO [0m:      	                        (15, 1.0),
[92mINFO [0m:      	                        (16, 1.0),
[92mINFO [0m:      	                        (17, 1.0),
[92mINFO [0m:      	                        (18, 1.0),
[92mINFO [0m:      	                        (19, 1.0),
[92mINFO [0m:      	                        (20, 1.0),
[92mINFO [0m:      	                        (21, 1.0),
[92mINFO [0m:      	                        (22, 1.0),
[92mINFO [0m:      	                        (23, 1.0),
[92mINFO [0m:      	                        (24, 1.0),
[92mINFO [0m:      	                        (25, 1.0)]}
[92mINFO [0m:      	History (metrics, distributed, evaluate):
[92mINFO [0m:      	{'accuracy': [(1, 0.8933823529411765),
[92mINFO [0m:      	              (2, 0.9404411764705882),
[92mINFO [0m:      	              (3, 0.9727941176470588),
[92mINFO [0m:      	              (4, 0.9808823529411764),
[92mINFO [0m:      	              (5, 0.9889705882352942),
[92mINFO [0m:      	              (6, 0.9889705882352942),
[92mINFO [0m:      	              (7, 0.9904411764705883),
[92mINFO [0m:      	              (8, 0.9941176470588236),
[92mINFO [0m:      	              (9, 0.9948529411764706),
[92mINFO [0m:      	              (10, 0.9955882352941177),
[92mINFO [0m:      	              (11, 0.9941176470588236),
[92mINFO [0m:      	              (12, 0.9955882352941177),
[92mINFO [0m:      	              (13, 0.9941176470588236),
[92mINFO [0m:      	              (14, 0.9948529411764706),
[92mINFO [0m:      	              (15, 0.9933823529411765),
[92mINFO [0m:      	              (16, 0.9919117647058824),
[92mINFO [0m:      	              (17, 0.9926470588235294),
[92mINFO [0m:      	              (18, 0.9948529411764706),
[92mINFO [0m:      	              (19, 0.9955882352941177),
[92mINFO [0m:      	              (20, 0.9963235294117647),
[92mINFO [0m:      	              (21, 0.9948529411764706),
[92mINFO [0m:      	              (22, 0.9933823529411765),
[92mINFO [0m:      	              (23, 0.9963235294117647),
[92mINFO [0m:      	              (24, 0.9948529411764706),
[92mINFO [0m:      	              (25, 0.9948529411764706)],
[92mINFO [0m:      	 'evaluate_seconds': [(1, 0.8501075860112906),
[92mINFO [0m:      	                      (2, 0.987458329036599),
[92mINFO [0m:      	                      (3, 0.8165087689994834),
[92mINFO [0m:      	                      (4, 0.8921670024574269),
[92mINFO [0m:      	                      (5, 0.8269598659244366),
[92mINFO [0m:      	                      (6, 0.8009321524878033),
[92mINFO [0m:      	                      (7, 0.7948720179847442),
[92mINFO [0m:      	                      (8, 0.8662388305820059),
[92mINFO [0m:      	                      (9, 0.8463880149065517),
[92mINFO [0m:      	                      (10, 0.8321777680248488),
[92mINFO [0m:      	                      (11, 0.8450643574760761),
[92mINFO [0m:      	                      (12, 0.8319683580484707),
[92mINFO [0m:      	                      (13, 0.8162205484404694),
[92mINFO [0m:      	                      (14, 0.8030494609556627),
[92mINFO [0m:      	                      (15, 0.8362038945488166),
[92mINFO [0m:      	                      (16, 0.817518172581913),
[92mINFO [0m:      	                      (17, 0.8499774094379973),
[92mINFO [0m:      	                      (18, 0.8172451629652642),
[92mINFO [0m:      	                      (19, 0.8412516925309319),
[92mINFO [0m:      	                      (20, 0.8218091385206208),
[92mINFO [0m:      	                      (21, 0.8086681245476939),
[92mINFO [0m:      	                      (22, 0.8461464114370756),
[92mINFO [0m:      	                      (23, 0.8342393615166657),
[92mINFO [0m:      	                      (24, 0.8184863070200663),
[92mINFO [0m:      	                      (25, 0.8922943320067134)],
[92mINFO [0m:      	 'nll': [(1, 0.6465855163686416),
[92mINFO [0m:      	         (2, 0.4642554468968335),
[92mINFO [0m:      	         (3, 0.3091588747851989),
[92mINFO [0m:      	         (4, 0.20358984032097985),
[92mINFO [0m:      	         (5, 0.12782671902986134),
[92mINFO [0m:      	         (6, 0.09010383863659467),
[92mINFO [0m:      	         (7, 0.05938950024326058),
[92mINFO [0m:      	         (8, 0.03589812706717673),
[92mINFO [0m:      	         (9, 0.0313975198468303),
[92mINFO [0m:      	         (10, 0.0286468899644473),
[92mINFO [0m:      	         (11, 0.03954653496141819),
[92mINFO [0m:      	         (12, 0.027201674537568846),
[92mINFO [0m:      	         (13, 0.03651135073125582),
[92mINFO [0m:      	         (14, 0.02667406751527725),
[92mINFO [0m:      	         (15, 0.03356741281801506),
[92mINFO [0m:      	         (16, 0.04886727128109401),
[92mINFO [0m:      	         (17, 0.04307880945270881),
[92mINFO [0m:      	         (18, 0.0323583838502493),
[92mINFO [0m:      	         (19, 0.035919319124728004),
[92mINFO [0m:      	         (20, 0.0303376940832309),
[92mINFO [0m:      	         (21, 0.03482422918519553),
[92mINFO [0m:      	         (22, 0.05963574277394561),
[92mINFO [0m:      	         (23, 0.03853828195818042),
[92mINFO [0m:      	         (24, 0.048957265205407406),
[92mINFO [0m:      	         (25, 0.046476109875092174)],
[92mINFO [0m:      	 'num_examples': [(1, 680.0),
[92mINFO [0m:      	                  (2, 680.0),
[92mINFO [0m:      	                  (3, 680.0),
[92mINFO [0m:      	                  (4, 680.0),
[92mINFO [0m:      	                  (5, 680.0),
[92mINFO [0m:      	                  (6, 680.0),
[92mINFO [0m:      	                  (7, 680.0),
[92mINFO [0m:      	                  (8, 680.0),
[92mINFO [0m:      	                  (9, 680.0),
[92mINFO [0m:      	                  (10, 680.0),
[92mINFO [0m:      	                  (11, 680.0),
[92mINFO [0m:      	                  (12, 680.0),
[92mINFO [0m:      	                  (13, 680.0),
[92mINFO [0m:      	                  (14, 680.0),
[92mINFO [0m:      	                  (15, 680.0),
[92mINFO [0m:      	                  (16, 680.0),
[92mINFO [0m:      	                  (17, 680.0),
[92mINFO [0m:      	                  (18, 680.0),
[92mINFO [0m:      	                  (19, 680.0),
[92mINFO [0m:      	                  (20, 680.0),
[92mINFO [0m:      	                  (21, 680.0),
[92mINFO [0m:      	                  (22, 680.0),
[92mINFO [0m:      	                  (23, 680.0),
[92mINFO [0m:      	                  (24, 680.0),
[92mINFO [0m:      	                  (25, 680.0)]}
[92mINFO [0m:      
