[GAPS] Saved client stats: /root/GAPS/iotj_final_classification_le1_20260804/FCL-E4-A3/client_stats_round_001.json
[GAPS] Saved prototype stats: /root/GAPS/iotj_final_classification_le1_20260804/FCL-E4-A3/prototype_stats_round_001.json
[GAPS] Saved semantic protos (EMA α=0.8): /root/GAPS/iotj_final_classification_le1_20260804/FCL-E4-A3/semantic_protos_round_001.json
[GAPS] Saved proto MMD diagnostics: /root/GAPS/iotj_final_classification_le1_20260804/FCL-E4-A3/proto_mmd_round_001.json
[GAPS] Saved aggregated checkpoint: /root/GAPS/iotj_final_classification_le1_20260804/FCL-E4-A3/server_round_001.pth
[GAPS] Saved client stats: /root/GAPS/iotj_final_classification_le1_20260804/FCL-E4-A3/client_stats_round_002.json
[GAPS] Saved prototype stats: /root/GAPS/iotj_final_classification_le1_20260804/FCL-E4-A3/prototype_stats_round_002.json
[GAPS] Saved semantic protos (EMA α=0.8): /root/GAPS/iotj_final_classification_le1_20260804/FCL-E4-A3/semantic_protos_round_002.json
[GAPS] Saved proto MMD diagnostics: /root/GAPS/iotj_final_classification_le1_20260804/FCL-E4-A3/proto_mmd_round_002.json
[GAPS] Saved aggregated checkpoint: /root/GAPS/iotj_final_classification_le1_20260804/FCL-E4-A3/server_round_002.pth
[GAPS] Saved client stats: /root/GAPS/iotj_final_classification_le1_20260804/FCL-E4-A3/client_stats_round_003.json
[GAPS] Saved prototype stats: /root/GAPS/iotj_final_classification_le1_20260804/FCL-E4-A3/prototype_stats_round_003.json
[GAPS] Saved semantic protos (EMA α=0.8): /root/GAPS/iotj_final_classification_le1_20260804/FCL-E4-A3/semantic_protos_round_003.json
[GAPS] Saved proto MMD diagnostics: /root/GAPS/iotj_final_classification_le1_20260804/FCL-E4-A3/proto_mmd_round_003.json
[GAPS] Saved aggregated checkpoint: /root/GAPS/iotj_final_classification_le1_20260804/FCL-E4-A3/server_round_003.pth
[GAPS] Saved client stats: /root/GAPS/iotj_final_classification_le1_20260804/FCL-E4-A3/client_stats_round_004.json
[GAPS] Saved prototype stats: /root/GAPS/iotj_final_classification_le1_20260804/FCL-E4-A3/prototype_stats_round_004.json
[GAPS] Saved semantic protos (EMA α=0.8): /root/GAPS/iotj_final_classification_le1_20260804/FCL-E4-A3/semantic_protos_round_004.json
[GAPS] Saved proto MMD diagnostics: /root/GAPS/iotj_final_classification_le1_20260804/FCL-E4-A3/proto_mmd_round_004.json
[GAPS] Saved aggregated checkpoint: /root/GAPS/iotj_final_classification_le1_20260804/FCL-E4-A3/server_round_004.pth
[GAPS] Saved client stats: /root/GAPS/iotj_final_classification_le1_20260804/FCL-E4-A3/client_stats_round_005.json
[GAPS] Saved prototype stats: /root/GAPS/iotj_final_classification_le1_20260804/FCL-E4-A3/prototype_stats_round_005.json
[GAPS] Saved semantic protos (EMA α=0.8): /root/GAPS/iotj_final_classification_le1_20260804/FCL-E4-A3/semantic_protos_round_005.json
[GAPS] Saved proto MMD diagnostics: /root/GAPS/iotj_final_classification_le1_20260804/FCL-E4-A3/proto_mmd_round_005.json
[GAPS] Saved aggregated checkpoint: /root/GAPS/iotj_final_classification_le1_20260804/FCL-E4-A3/server_round_005.pth
[GAPS] Saved client stats: /root/GAPS/iotj_final_classification_le1_20260804/FCL-E4-A3/client_stats_round_006.json
[GAPS] Saved prototype stats: /root/GAPS/iotj_final_classification_le1_20260804/FCL-E4-A3/prototype_stats_round_006.json
[GAPS] Saved semantic protos (EMA α=0.8): /root/GAPS/iotj_final_classification_le1_20260804/FCL-E4-A3/semantic_protos_round_006.json
[GAPS] Saved proto MMD diagnostics: /root/GAPS/iotj_final_classification_le1_20260804/FCL-E4-A3/proto_mmd_round_006.json
[GAPS] Saved aggregated checkpoint: /root/GAPS/iotj_final_classification_le1_20260804/FCL-E4-A3/server_round_006.pth
[GAPS] Saved client stats: /root/GAPS/iotj_final_classification_le1_20260804/FCL-E4-A3/client_stats_round_007.json
[GAPS] Saved prototype stats: /root/GAPS/iotj_final_classification_le1_20260804/FCL-E4-A3/prototype_stats_round_007.json
[GAPS] Saved semantic protos (EMA α=0.8): /root/GAPS/iotj_final_classification_le1_20260804/FCL-E4-A3/semantic_protos_round_007.json
[GAPS] Saved proto MMD diagnostics: /root/GAPS/iotj_final_classification_le1_20260804/FCL-E4-A3/proto_mmd_round_007.json
[GAPS] Saved aggregated checkpoint: /root/GAPS/iotj_final_classification_le1_20260804/FCL-E4-A3/server_round_007.pth
[GAPS] Saved client stats: /root/GAPS/iotj_final_classification_le1_20260804/FCL-E4-A3/client_stats_round_008.json
[GAPS] Saved prototype stats: /root/GAPS/iotj_final_classification_le1_20260804/FCL-E4-A3/prototype_stats_round_008.json
[GAPS] Saved semantic protos (EMA α=0.8): /root/GAPS/iotj_final_classification_le1_20260804/FCL-E4-A3/semantic_protos_round_008.json
[GAPS] Saved proto MMD diagnostics: /root/GAPS/iotj_final_classification_le1_20260804/FCL-E4-A3/proto_mmd_round_008.json
[GAPS] Saved aggregated checkpoint: /root/GAPS/iotj_final_classification_le1_20260804/FCL-E4-A3/server_round_008.pth
[GAPS] Saved client stats: /root/GAPS/iotj_final_classification_le1_20260804/FCL-E4-A3/client_stats_round_009.json
[GAPS] Saved prototype stats: /root/GAPS/iotj_final_classification_le1_20260804/FCL-E4-A3/prototype_stats_round_009.json
[GAPS] Saved semantic protos (EMA α=0.8): /root/GAPS/iotj_final_classification_le1_20260804/FCL-E4-A3/semantic_protos_round_009.json
[GAPS] Saved proto MMD diagnostics: /root/GAPS/iotj_final_classification_le1_20260804/FCL-E4-A3/proto_mmd_round_009.json
[GAPS] Saved aggregated checkpoint: /root/GAPS/iotj_final_classification_le1_20260804/FCL-E4-A3/server_round_009.pth
[GAPS] Saved client stats: /root/GAPS/iotj_final_classification_le1_20260804/FCL-E4-A3/client_stats_round_010.json
[GAPS] Saved prototype stats: /root/GAPS/iotj_final_classification_le1_20260804/FCL-E4-A3/prototype_stats_round_010.json
[GAPS] Saved semantic protos (EMA α=0.8): /root/GAPS/iotj_final_classification_le1_20260804/FCL-E4-A3/semantic_protos_round_010.json
[GAPS] Saved proto MMD diagnostics: /root/GAPS/iotj_final_classification_le1_20260804/FCL-E4-A3/proto_mmd_round_010.json
[GAPS] Saved aggregated checkpoint: /root/GAPS/iotj_final_classification_le1_20260804/FCL-E4-A3/server_round_010.pth
[GAPS] Saved client stats: /root/GAPS/iotj_final_classification_le1_20260804/FCL-E4-A3/client_stats_round_011.json
[GAPS] Saved prototype stats: /root/GAPS/iotj_final_classification_le1_20260804/FCL-E4-A3/prototype_stats_round_011.json
[GAPS] Saved semantic protos (EMA α=0.8): /root/GAPS/iotj_final_classification_le1_20260804/FCL-E4-A3/semantic_protos_round_011.json
[GAPS] Saved proto MMD diagnostics: /root/GAPS/iotj_final_classification_le1_20260804/FCL-E4-A3/proto_mmd_round_011.json
[GAPS] Saved aggregated checkpoint: /root/GAPS/iotj_final_classification_le1_20260804/FCL-E4-A3/server_round_011.pth
[GAPS] Saved client stats: /root/GAPS/iotj_final_classification_le1_20260804/FCL-E4-A3/client_stats_round_012.json
[GAPS] Saved prototype stats: /root/GAPS/iotj_final_classification_le1_20260804/FCL-E4-A3/prototype_stats_round_012.json
[GAPS] Saved semantic protos (EMA α=0.8): /root/GAPS/iotj_final_classification_le1_20260804/FCL-E4-A3/semantic_protos_round_012.json
[GAPS] Saved proto MMD diagnostics: /root/GAPS/iotj_final_classification_le1_20260804/FCL-E4-A3/proto_mmd_round_012.json
[GAPS] Saved aggregated checkpoint: /root/GAPS/iotj_final_classification_le1_20260804/FCL-E4-A3/server_round_012.pth
[GAPS] Saved client stats: /root/GAPS/iotj_final_classification_le1_20260804/FCL-E4-A3/client_stats_round_013.json
[GAPS] Saved prototype stats: /root/GAPS/iotj_final_classification_le1_20260804/FCL-E4-A3/prototype_stats_round_013.json
[GAPS] Saved semantic protos (EMA α=0.8): /root/GAPS/iotj_final_classification_le1_20260804/FCL-E4-A3/semantic_protos_round_013.json
[GAPS] Saved proto MMD diagnostics: /root/GAPS/iotj_final_classification_le1_20260804/FCL-E4-A3/proto_mmd_round_013.json
[GAPS] Saved aggregated checkpoint: /root/GAPS/iotj_final_classification_le1_20260804/FCL-E4-A3/server_round_013.pth
[GAPS] Saved client stats: /root/GAPS/iotj_final_classification_le1_20260804/FCL-E4-A3/client_stats_round_014.json
[GAPS] Saved prototype stats: /root/GAPS/iotj_final_classification_le1_20260804/FCL-E4-A3/prototype_stats_round_014.json
[GAPS] Saved semantic protos (EMA α=0.8): /root/GAPS/iotj_final_classification_le1_20260804/FCL-E4-A3/semantic_protos_round_014.json
[GAPS] Saved proto MMD diagnostics: /root/GAPS/iotj_final_classification_le1_20260804/FCL-E4-A3/proto_mmd_round_014.json
[GAPS] Saved aggregated checkpoint: /root/GAPS/iotj_final_classification_le1_20260804/FCL-E4-A3/server_round_014.pth
[GAPS] Saved client stats: /root/GAPS/iotj_final_classification_le1_20260804/FCL-E4-A3/client_stats_round_015.json
[GAPS] Saved prototype stats: /root/GAPS/iotj_final_classification_le1_20260804/FCL-E4-A3/prototype_stats_round_015.json
[GAPS] Saved semantic protos (EMA α=0.8): /root/GAPS/iotj_final_classification_le1_20260804/FCL-E4-A3/semantic_protos_round_015.json
[GAPS] Saved proto MMD diagnostics: /root/GAPS/iotj_final_classification_le1_20260804/FCL-E4-A3/proto_mmd_round_015.json
[GAPS] Saved aggregated checkpoint: /root/GAPS/iotj_final_classification_le1_20260804/FCL-E4-A3/server_round_015.pth
[GAPS] Saved client stats: /root/GAPS/iotj_final_classification_le1_20260804/FCL-E4-A3/client_stats_round_016.json
[GAPS] Saved prototype stats: /root/GAPS/iotj_final_classification_le1_20260804/FCL-E4-A3/prototype_stats_round_016.json
[GAPS] Saved semantic protos (EMA α=0.8): /root/GAPS/iotj_final_classification_le1_20260804/FCL-E4-A3/semantic_protos_round_016.json
[GAPS] Saved proto MMD diagnostics: /root/GAPS/iotj_final_classification_le1_20260804/FCL-E4-A3/proto_mmd_round_016.json
[GAPS] Saved aggregated checkpoint: /root/GAPS/iotj_final_classification_le1_20260804/FCL-E4-A3/server_round_016.pth
[GAPS] Saved client stats: /root/GAPS/iotj_final_classification_le1_20260804/FCL-E4-A3/client_stats_round_017.json
[GAPS] Saved prototype stats: /root/GAPS/iotj_final_classification_le1_20260804/FCL-E4-A3/prototype_stats_round_017.json
[GAPS] Saved semantic protos (EMA α=0.8): /root/GAPS/iotj_final_classification_le1_20260804/FCL-E4-A3/semantic_protos_round_017.json
[GAPS] Saved proto MMD diagnostics: /root/GAPS/iotj_final_classification_le1_20260804/FCL-E4-A3/proto_mmd_round_017.json
[GAPS] Saved aggregated checkpoint: /root/GAPS/iotj_final_classification_le1_20260804/FCL-E4-A3/server_round_017.pth
[GAPS] Saved client stats: /root/GAPS/iotj_final_classification_le1_20260804/FCL-E4-A3/client_stats_round_018.json
[GAPS] Saved prototype stats: /root/GAPS/iotj_final_classification_le1_20260804/FCL-E4-A3/prototype_stats_round_018.json
[GAPS] Saved semantic protos (EMA α=0.8): /root/GAPS/iotj_final_classification_le1_20260804/FCL-E4-A3/semantic_protos_round_018.json
[GAPS] Saved proto MMD diagnostics: /root/GAPS/iotj_final_classification_le1_20260804/FCL-E4-A3/proto_mmd_round_018.json
[GAPS] Saved aggregated checkpoint: /root/GAPS/iotj_final_classification_le1_20260804/FCL-E4-A3/server_round_018.pth
[GAPS] Saved client stats: /root/GAPS/iotj_final_classification_le1_20260804/FCL-E4-A3/client_stats_round_019.json
[GAPS] Saved prototype stats: /root/GAPS/iotj_final_classification_le1_20260804/FCL-E4-A3/prototype_stats_round_019.json
[GAPS] Saved semantic protos (EMA α=0.8): /root/GAPS/iotj_final_classification_le1_20260804/FCL-E4-A3/semantic_protos_round_019.json
[GAPS] Saved proto MMD diagnostics: /root/GAPS/iotj_final_classification_le1_20260804/FCL-E4-A3/proto_mmd_round_019.json
[GAPS] Saved aggregated checkpoint: /root/GAPS/iotj_final_classification_le1_20260804/FCL-E4-A3/server_round_019.pth
[GAPS] Saved client stats: /root/GAPS/iotj_final_classification_le1_20260804/FCL-E4-A3/client_stats_round_020.json
[GAPS] Saved prototype stats: /root/GAPS/iotj_final_classification_le1_20260804/FCL-E4-A3/prototype_stats_round_020.json
[GAPS] Saved semantic protos (EMA α=0.8): /root/GAPS/iotj_final_classification_le1_20260804/FCL-E4-A3/semantic_protos_round_020.json
[GAPS] Saved proto MMD diagnostics: /root/GAPS/iotj_final_classification_le1_20260804/FCL-E4-A3/proto_mmd_round_020.json
[GAPS] Saved aggregated checkpoint: /root/GAPS/iotj_final_classification_le1_20260804/FCL-E4-A3/server_round_020.pth
[GAPS] Saved client stats: /root/GAPS/iotj_final_classification_le1_20260804/FCL-E4-A3/client_stats_round_021.json
[GAPS] Saved prototype stats: /root/GAPS/iotj_final_classification_le1_20260804/FCL-E4-A3/prototype_stats_round_021.json
[GAPS] Saved semantic protos (EMA α=0.8): /root/GAPS/iotj_final_classification_le1_20260804/FCL-E4-A3/semantic_protos_round_021.json
[GAPS] Saved proto MMD diagnostics: /root/GAPS/iotj_final_classification_le1_20260804/FCL-E4-A3/proto_mmd_round_021.json
[GAPS] Saved aggregated checkpoint: /root/GAPS/iotj_final_classification_le1_20260804/FCL-E4-A3/server_round_021.pth
[GAPS] Saved client stats: /root/GAPS/iotj_final_classification_le1_20260804/FCL-E4-A3/client_stats_round_022.json
[GAPS] Saved prototype stats: /root/GAPS/iotj_final_classification_le1_20260804/FCL-E4-A3/prototype_stats_round_022.json
[GAPS] Saved semantic protos (EMA α=0.8): /root/GAPS/iotj_final_classification_le1_20260804/FCL-E4-A3/semantic_protos_round_022.json
[GAPS] Saved proto MMD diagnostics: /root/GAPS/iotj_final_classification_le1_20260804/FCL-E4-A3/proto_mmd_round_022.json
[GAPS] Saved aggregated checkpoint: /root/GAPS/iotj_final_classification_le1_20260804/FCL-E4-A3/server_round_022.pth
[GAPS] Saved client stats: /root/GAPS/iotj_final_classification_le1_20260804/FCL-E4-A3/client_stats_round_023.json
[GAPS] Saved prototype stats: /root/GAPS/iotj_final_classification_le1_20260804/FCL-E4-A3/prototype_stats_round_023.json
[GAPS] Saved semantic protos (EMA α=0.8): /root/GAPS/iotj_final_classification_le1_20260804/FCL-E4-A3/semantic_protos_round_023.json
[GAPS] Saved proto MMD diagnostics: /root/GAPS/iotj_final_classification_le1_20260804/FCL-E4-A3/proto_mmd_round_023.json
[GAPS] Saved aggregated checkpoint: /root/GAPS/iotj_final_classification_le1_20260804/FCL-E4-A3/server_round_023.pth
[GAPS] Saved client stats: /root/GAPS/iotj_final_classification_le1_20260804/FCL-E4-A3/client_stats_round_024.json
[GAPS] Saved prototype stats: /root/GAPS/iotj_final_classification_le1_20260804/FCL-E4-A3/prototype_stats_round_024.json
[GAPS] Saved semantic protos (EMA α=0.8): /root/GAPS/iotj_final_classification_le1_20260804/FCL-E4-A3/semantic_protos_round_024.json
[GAPS] Saved proto MMD diagnostics: /root/GAPS/iotj_final_classification_le1_20260804/FCL-E4-A3/proto_mmd_round_024.json
[GAPS] Saved aggregated checkpoint: /root/GAPS/iotj_final_classification_le1_20260804/FCL-E4-A3/server_round_024.pth
[GAPS] Saved client stats: /root/GAPS/iotj_final_classification_le1_20260804/FCL-E4-A3/client_stats_round_025.json
[GAPS] Saved prototype stats: /root/GAPS/iotj_final_classification_le1_20260804/FCL-E4-A3/prototype_stats_round_025.json
[GAPS] Saved semantic protos (EMA α=0.8): /root/GAPS/iotj_final_classification_le1_20260804/FCL-E4-A3/semantic_protos_round_025.json
[GAPS] Saved proto MMD diagnostics: /root/GAPS/iotj_final_classification_le1_20260804/FCL-E4-A3/proto_mmd_round_025.json
[GAPS] Saved aggregated checkpoint: /root/GAPS/iotj_final_classification_le1_20260804/FCL-E4-A3/server_round_025.pth
