[2026-08-04T10:58:12.7079016+08:00] START FCL-E1-FEDPROX
{"status": "SKIP_COMPLETE", "experiment_id": "FCL-E1-FEDPROX"}
[2026-08-04T10:58:13.0104182+08:00] COMPLETE FCL-E1-FEDPROX
[2026-08-04T10:58:13.0563256+08:00] START FCL-E1-SCAFFOLD
{"status": "SKIP_COMPLETE", "experiment_id": "FCL-E1-SCAFFOLD"}
[2026-08-04T10:58:13.2876134+08:00] COMPLETE FCL-E1-SCAFFOLD
[2026-08-04T10:58:13.3317268+08:00] START FCL-E3-GAPS-C3
{"status": "SKIP_COMPLETE", "experiment_id": "FCL-E3-GAPS-C3"}
[2026-08-04T10:58:13.5581189+08:00] COMPLETE FCL-E3-GAPS-C3
[2026-08-04T10:58:13.5982312+08:00] START FCL-E3-GAPS-C4
{"status": "COMPLETE", "experiment_id": "FCL-E3-GAPS-C4", "marker": "D:\\A Python learning\\Federated Learning\\TRAE SOLO\\.worktrees\\iotj-final-classification-le1\\results\\iotj_final_classification_le1_20260804\\FCL-E3-GAPS-C4\\fixed_endpoint_complete.json"}
[2026-08-04T12:14:25.4939680+08:00] COMPLETE FCL-E3-GAPS-C4
[2026-08-04T12:14:25.4970737+08:00] START FCL-E3-GAPS-C5
{"status": "COMPLETE", "experiment_id": "FCL-E3-GAPS-C5", "marker": "D:\\A Python learning\\Federated Learning\\TRAE SOLO\\.worktrees\\iotj-final-classification-le1\\results\\iotj_final_classification_le1_20260804\\FCL-E3-GAPS-C5\\fixed_endpoint_complete.json"}
[2026-08-04T13:31:31.5198842+08:00] COMPLETE FCL-E3-GAPS-C5
[2026-08-04T13:31:31.5229542+08:00] START FCL-E4-A1
{"status": "COMPLETE", "experiment_id": "FCL-E4-A1", "marker": "D:\\A Python learning\\Federated Learning\\TRAE SOLO\\.worktrees\\iotj-final-classification-le1\\results\\iotj_final_classification_le1_20260804\\FCL-E4-A1\\fixed_endpoint_complete.json"}
[2026-08-04T13:39:35.6106178+08:00] COMPLETE FCL-E4-A1
[2026-08-04T13:39:35.6121424+08:00] START FCL-E4-A2
{"status": "COMPLETE", "experiment_id": "FCL-E4-A2", "marker": "D:\\A Python learning\\Federated Learning\\TRAE SOLO\\.worktrees\\iotj-final-classification-le1\\results\\iotj_final_classification_le1_20260804\\FCL-E4-A2\\fixed_endpoint_complete.json"}
[2026-08-04T13:48:51.0068809+08:00] COMPLETE FCL-E4-A2
[2026-08-04T13:48:51.0099949+08:00] START FCL-E4-A3
{"status": "COMPLETE", "experiment_id": "FCL-E4-A3", "marker": "D:\\A Python learning\\Federated Learning\\TRAE SOLO\\.worktrees\\iotj-final-classification-le1\\results\\iotj_final_classification_le1_20260804\\FCL-E4-A3\\fixed_endpoint_complete.json"}
[2026-08-04T13:58:04.1905450+08:00] COMPLETE FCL-E4-A3
[2026-08-04T13:58:04.1920613+08:00] START FCL-E4-A4
{"status": "COMPLETE", "experiment_id": "FCL-E4-A4", "marker": "D:\\A Python learning\\Federated Learning\\TRAE SOLO\\.worktrees\\iotj-final-classification-le1\\results\\iotj_final_classification_le1_20260804\\FCL-E4-A4\\fixed_endpoint_complete.json"}
[2026-08-04T15:15:54.6197777+08:00] COMPLETE FCL-E4-A4
[2026-08-04T15:15:54.6228857+08:00] START FCL-E4-A5
{"status": "COMPLETE", "experiment_id": "FCL-E4-A5", "marker": "D:\\A Python learning\\Federated Learning\\TRAE SOLO\\.worktrees\\iotj-final-classification-le1\\results\\iotj_final_classification_le1_20260804\\FCL-E4-A5\\fixed_endpoint_complete.json"}
[2026-08-04T16:33:51.3648705+08:00] COMPLETE FCL-E4-A5
[2026-08-04T16:33:51.7297446+08:00] QUEUE_COMPLETE
